Archive member included to satisfy reference by file (symbol)

app/libapp.a(main.c.obj)      (--whole-archive)
app/libapp.a(fuel_gauge.c.obj)
                              (--whole-archive)
zephyr/libzephyr.a(heap.c.obj)
                              (--whole-archive)
zephyr/libzephyr.a(cbprintf_packaged.c.obj)
                              (--whole-archive)
zephyr/libzephyr.a(printk.c.obj)
                              (--whole-archive)
zephyr/libzephyr.a(sem.c.obj)
                              (--whole-archive)
zephyr/libzephyr.a(thread_entry.c.obj)
                              (--whole-archive)
zephyr/libzephyr.a(cbprintf_complete.c.obj)
                              (--whole-archive)
zephyr/libzephyr.a(assert.c.obj)
                              (--whole-archive)
zephyr/libzephyr.a(mpsc_pbuf.c.obj)
                              (--whole-archive)
zephyr/libzephyr.a(dec.c.obj)
                              (--whole-archive)
zephyr/libzephyr.a(hex.c.obj)
                              (--whole-archive)
zephyr/libzephyr.a(rb.c.obj)  (--whole-archive)
zephyr/libzephyr.a(timeutil.c.obj)
                              (--whole-archive)
zephyr/libzephyr.a(bitarray.c.obj)
                              (--whole-archive)
zephyr/libzephyr.a(onoff.c.obj)
                              (--whole-archive)
zephyr/libzephyr.a(notify.c.obj)
                              (--whole-archive)
zephyr/libzephyr.a(ring_buffer.c.obj)
                              (--whole-archive)
zephyr/libzephyr.a(last_section_id.c.obj)
                              (--whole-archive)
zephyr/libzephyr.a(configs.c.obj)
                              (--whole-archive)
zephyr/libzephyr.a(thread_info.c.obj)
                              (--whole-archive)
zephyr/libzephyr.a(log_core.c.obj)
                              (--whole-archive)
zephyr/libzephyr.a(log_mgmt.c.obj)
                              (--whole-archive)
zephyr/libzephyr.a(log_cache.c.obj)
                              (--whole-archive)
zephyr/libzephyr.a(log_msg.c.obj)
                              (--whole-archive)
zephyr/libzephyr.a(log_output.c.obj)
                              (--whole-archive)
zephyr/libzephyr.a(log_cmds.c.obj)
                              (--whole-archive)
zephyr/libzephyr.a(mem_attr.c.obj)
                              (--whole-archive)
zephyr/libzephyr.a(tracing_none.c.obj)
                              (--whole-archive)
zephyr/libzephyr.a(kernel_shell.c.obj)
                              (--whole-archive)
zephyr/libzephyr.a(cycles.c.obj)
                              (--whole-archive)
zephyr/libzephyr.a(sleep.c.obj)
                              (--whole-archive)
zephyr/libzephyr.a(uptime.c.obj)
                              (--whole-archive)
zephyr/libzephyr.a(version.c.obj)
                              (--whole-archive)
zephyr/libzephyr.a(log-level.c.obj)
                              (--whole-archive)
zephyr/libzephyr.a(thread.c.obj)
                              (--whole-archive)
zephyr/libzephyr.a(list.c.obj)
                              (--whole-archive)
zephyr/libzephyr.a(stacks.c.obj)
                              (--whole-archive)
zephyr/libzephyr.a(device_service.c.obj)
                              (--whole-archive)
zephyr/libzephyr.a(devmem_service.c.obj)
                              (--whole-archive)
zephyr/libzephyr.a(shell_uart.c.obj)
                              (--whole-archive)
zephyr/libzephyr.a(shell.c.obj)
                              (--whole-archive)
zephyr/libzephyr.a(shell_fprintf.c.obj)
                              (--whole-archive)
zephyr/libzephyr.a(shell_utils.c.obj)
                              (--whole-archive)
zephyr/libzephyr.a(shell_ops.c.obj)
                              (--whole-archive)
zephyr/libzephyr.a(shell_log_backend.c.obj)
                              (--whole-archive)
zephyr/libzephyr.a(shell_help.c.obj)
                              (--whole-archive)
zephyr/libzephyr.a(shell_cmds.c.obj)
                              (--whole-archive)
zephyr/libzephyr.a(shell_history.c.obj)
                              (--whole-archive)
zephyr/libzephyr.a(shell_wildcard.c.obj)
                              (--whole-archive)
zephyr/libzephyr.a(banner.c.obj)
                              (--whole-archive)
zephyr/libzephyr.a(flash_map_partition_manager.c.obj)
                              (--whole-archive)
zephyr/arch/common/libarch__common.a(sw_isr_common.c.obj)
                              (--whole-archive)
zephyr/arch/arch/arm/core/libarch__arm__core.a(fatal.c.obj)
                              (--whole-archive)
zephyr/arch/arch/arm/core/libarch__arm__core.a(nmi.c.obj)
                              (--whole-archive)
zephyr/arch/arch/arm/core/libarch__arm__core.a(nmi_on_reset.S.obj)
                              (--whole-archive)
zephyr/arch/arch/arm/core/libarch__arm__core.a(tls.c.obj)
                              (--whole-archive)
zephyr/arch/arch/arm/core/cortex_m/libarch__arm__core__cortex_m.a(exc_exit.c.obj)
[...]
Memory Configuration

Name             Origin             Length             Attributes
FLASH            0x0000000000000000 0x0000000000165000 xr
RAM              0x0000000020000000 0x000000000002f000 xw
IDT_LIST         0x00000000ffff7fff 0x0000000000008000 xw
*default*        0x0000000000000000 0xffffffffffffffff

Linker script and memory map

                0x000000000000bea0                vfprintf = __d_vfprintf
                0x0000000000000000                vfscanf = __d_vfscanf
LOAD zephyr/CMakeFiles/zephyr_pre0.dir/misc/empty_file.c.obj
LOAD zephyr/CMakeFiles/offsets.dir/./arch/arm/core/offsets/offsets.c.obj
LOAD app/libapp.a
LOAD zephyr/libzephyr.a
LOAD zephyr/arch/common/libarch__common.a
LOAD zephyr/arch/arch/arm/core/libarch__arm__core.a
LOAD zephyr/arch/arch/arm/core/cortex_m/libarch__arm__core__cortex_m.a
LOAD zephyr/arch/arch/arm/core/cortex_m/cmse/libarch__arm__core__cortex_m__cmse.a
LOAD zephyr/arch/arch/arm/core/mpu/libarch__arm__core__mpu.a
LOAD zephyr/lib/libc/picolibc/liblib__libc__picolibc.a
LOAD zephyr/lib/libc/common/liblib__libc__common.a
LOAD zephyr/lib/posix/options/liblib__posix__options.a
LOAD zephyr/soc/soc/nrf54l15/libsoc__nordic.a
LOAD zephyr/drivers/cache/libdrivers__cache.a
LOAD zephyr/drivers/clock_control/libdrivers__clock_control.a
LOAD zephyr/drivers/console/libdrivers__console.a
LOAD zephyr/drivers/gpio/libdrivers__gpio.a
LOAD zephyr/drivers/i2c/libdrivers__i2c.a
LOAD zephyr/drivers/led/libdrivers__led.a
LOAD zephyr/drivers/mfd/libdrivers__mfd.a
LOAD zephyr/drivers/pinctrl/libdrivers__pinctrl.a
LOAD zephyr/drivers/regulator/libdrivers__regulator.a
LOAD zephyr/drivers/sensor/nordic/temp/libdrivers__sensor__nordic__temp.a
LOAD zephyr/drivers/sensor/nordic/npm1300_charger/libdrivers__sensor__nordic__npm1300_charger.a
LOAD zephyr/drivers/serial/libdrivers__serial.a
LOAD zephyr/drivers/timer/libdrivers__timer.a
LOAD modules/nrf/subsys/nrf_security/src/zephyr/libmbedtls_zephyr.a
LOAD modules/hal_nordic/modules/hal_nordic/nrfx/libmodules__hal_nordic__nrfx.a
LOAD zephyr/kernel/libkernel.a
LOAD C:/ncs/v3.0.1/nrfxlib/nrf_fuel_gauge/lib/cortex-m33/soft-float/libnrf_fuel_gauge.a
LOAD zephyr/arch/common/libisr_tables.a
LOAD modules/nrf/subsys/nrf_security/src/libmbedcrypto.a
LOAD modules/nrf/subsys/nrf_security/src/core/nrf_oberon/liboberon_psa_core.a
LOAD modules/nrf/subsys/nrf_security/src/drivers/cracen/libcracen_psa_driver.a
LOAD modules/nrf/subsys/nrf_security/src/libmbedcrypto_base.a
LOAD modules/nrf/subsys/nrf_security/src/libnrf_security_utils.a
LOAD zephyr/kernel/libkernel.a
LOAD c:\ncs\toolchains\0b393f9e1b\opt\zephyr-sdk\arm-zephyr-eabi\bin\../lib/gcc/../../picolibc/arm-zephyr-eabi/lib/thumb/v8-m.main/nofp\libc.a
LOAD c:/ncs/toolchains/0b393f9e1b/opt/zephyr-sdk/arm-zephyr-eabi/bin/../lib/gcc/arm-zephyr-eabi/12.2.0/thumb/v8-m.main/nofp\libgcc.a
                0x0000000000000020                _region_min_align = 0x20

.rel.plt        0x0000000000000000        0x0
 *(SORT_BY_ALIGNMENT(.rel.plt))
                [!provide]                        PROVIDE (__rel_iplt_start = .)
 *(SORT_BY_ALIGNMENT(.rel.iplt))
 .rel.iplt      0x0000000000000000        0x0 app/libapp.a(main.c.obj)
                [!provide]                        PROVIDE (__rel_iplt_end = .)

.rela.plt       0x0000000000000000        0x0
 *(SORT_BY_ALIGNMENT(.rela.plt))
                [!provide]                        PROVIDE (__rela_iplt_start = .)
 *(SORT_BY_ALIGNMENT(.rela.iplt))
                [!provide]                        PROVIDE (__rela_iplt_end = .)

.rel.dyn
 *(SORT_BY_ALIGNMENT(.rel.*))

.rela.dyn
 *(SORT_BY_ALIGNMENT(.rela.*))

/DISCARD/
 *(SORT_BY_ALIGNMENT(.plt))

/DISCARD/
 *(SORT_BY_ALIGNMENT(.iplt))
                0x0000000000000000                __rom_region_start = 0x0

rom_start       0x0000000000000000      0x47c
                0x0000000000000000                __rom_start_address = .
 FILL mask 0x00
                0x0000000000000000                . = (. + (0x0 - (. - __rom_start_address)))
                0x0000000000000000                . = ALIGN (0x4)
                0x0000000000000000                . = ALIGN (0x80)
                0x0000000000000000                . = ALIGN (0x800)
                0x0000000000000000                _vector_start = .
 *(SORT_BY_ALIGNMENT(.exc_vector_table))
 *(SORT_BY_ALIGNMENT(.exc_vector_table.*))
 .exc_vector_table._vector_table_section
                0x0000000000000000       0x40 zephyr/arch/arch/arm/core/cortex_m/libarch__arm__core__cortex_m.a(vector_table.S.obj)
                0x0000000000000000                _vector_table
 *(SORT_BY_ALIGNMENT(.vectors))
                0x000000000000047c                _vector_end = .
                0x0000000000000040                . = ALIGN (0x4)
 *(SORT_BY_ALIGNMENT(.gnu.linkonce.irq_vector_table*))
 .gnu.linkonce.irq_vector_table
                0x0000000000000040      0x43c zephyr/arch/common/libisr_tables.a(isr_tables.c.obj)
                0x0000000000000040                _irq_vector_table
                0x000000000000047c                _vector_end = .

text            0x0000000000000480    0x1156c
                0x0000000000000480                __text_region_start = .
 *(SORT_BY_ALIGNMENT(.text))
 .text          0x0000000000000480      0x378 c:/ncs/toolchains/0b393f9e1b/opt/zephyr-sdk/arm-zephyr-eabi/bin/../lib/gcc/arm-zephyr-eabi/12.2.0/thumb/v8-m.main/nofp\libgcc.a(_arm_addsubdf3.o)
                0x0000000000000480                __aeabi_drsub
                0x0000000000000488                __aeabi_dsub
                0x0000000000000488                __subdf3
                0x000000000000048c                __aeabi_dadd
                0x000000000000048c                __adddf3
                0x0000000000000704                __floatunsidf
                0x0000000000000704                __aeabi_ui2d
                0x0000000000000724                __floatsidf
                0x0000000000000724                __aeabi_i2d
                0x0000000000000748                __aeabi_f2d
                0x0000000000000748                __extendsfdf2
                0x000000000000078c                __floatundidf
                0x000000000000078c                __aeabi_ul2d
                0x000000000000079c                __floatdidf
                0x000000000000079c                __aeabi_l2d
 .text          0x00000000000007f8      0x424 c:/ncs/toolchains/0b393f9e1b/opt/zephyr-sdk/arm-zephyr-eabi/bin/../lib/gcc/arm-zephyr-eabi/12.2.0/thumb/v8-m.main/nofp\libgcc.a(_arm_muldivdf3.o)
                0x00000000000007f8                __aeabi_dmul
                0x00000000000007f8                __muldf3
                0x0000000000000a4c                __divdf3
                0x0000000000000a4c                __aeabi_ddiv
 .text          0x0000000000000c1c      0x110 c:/ncs/toolchains/0b393f9e1b/opt/zephyr-sdk/arm-zephyr-eabi/bin/../lib/gcc/arm-zephyr-eabi/12.2.0/thumb/v8-m.main/nofp\libgcc.a(_arm_cmpdf2.o)
                0x0000000000000c1c                __gtdf2
                0x0000000000000c1c                __gedf2
                0x0000000000000c24                __ltdf2
                0x0000000000000c24                __ledf2
                0x0000000000000c2c                __nedf2
                0x0000000000000c2c                __eqdf2
                0x0000000000000c2c                __cmpdf2
                0x0000000000000ca8                __aeabi_cdrcmple
                0x0000000000000cb8                __aeabi_cdcmpeq
                0x0000000000000cb8                __aeabi_cdcmple
                0x0000000000000cc8                __aeabi_dcmpeq
                0x0000000000000cdc                __aeabi_dcmplt
                0x0000000000000cf0                __aeabi_dcmple
                0x0000000000000d04                __aeabi_dcmpge
                0x0000000000000d18                __aeabi_dcmpgt
 .text          0x0000000000000d2c       0x50 c:/ncs/toolchains/0b393f9e1b/opt/zephyr-sdk/arm-zephyr-eabi/bin/../lib/gcc/arm-zephyr-eabi/12.2.0/thumb/v8-m.main/nofp\libgcc.a(_arm_fixdfsi.o)
                0x0000000000000d2c                __aeabi_d2iz
                0x0000000000000d2c                __fixdfsi
 .text          0x0000000000000d7c       0x40 c:/ncs/toolchains/0b393f9e1b/opt/zephyr-sdk/arm-zephyr-eabi/bin/../lib/gcc/arm-zephyr-eabi/12.2.0/thumb/v8-m.main/nofp\libgcc.a(_arm_fixunsdfsi.o)
                0x0000000000000d7c                __aeabi_d2uiz
                0x0000000000000d7c                __fixunsdfsi
 .text          0x0000000000000dbc       0xa0 c:/ncs/toolchains/0b393f9e1b/opt/zephyr-sdk/arm-zephyr-eabi/bin/../lib/gcc/arm-zephyr-eabi/12.2.0/thumb/v8-m.main/nofp\libgcc.a(_arm_truncdfsf2.o)
                0x0000000000000dbc                __truncdfsf2
                0x0000000000000dbc                __aeabi_d2f
 .text          0x0000000000000e5c      0x21c c:/ncs/toolchains/0b393f9e1b/opt/zephyr-sdk/arm-zephyr-eabi/bin/../lib/gcc/arm-zephyr-eabi/12.2.0/thumb/v8-m.main/nofp\libgcc.a(_arm_addsubsf3.o)
                0x0000000000000e5c                __aeabi_frsub
                0x0000000000000e64                __subsf3
                0x0000000000000e64                __aeabi_fsub
                0x0000000000000e68                __aeabi_fadd
                0x0000000000000e68                __addsf3
                0x0000000000000fc8                __aeabi_ui2f
                0x0000000000000fc8                __floatunsisf
                0x0000000000000fd0                __aeabi_i2f
                0x0000000000000fd0                __floatsisf
                0x0000000000000fec                __aeabi_ul2f
                0x0000000000000fec                __floatundisf
                0x0000000000000ffc                __aeabi_l2f
                0x0000000000000ffc                __floatdisf
 .text          0x0000000000001078      0x2a0 c:/ncs/toolchains/0b393f9e1b/opt/zephyr-sdk/arm-zephyr-eabi/bin/../lib/gcc/arm-zephyr-eabi/12.2.0/thumb/v8-m.main/nofp\libgcc.a(_arm_muldivsf3.o)
                0x0000000000001078                __mulsf3
                0x0000000000001078                __aeabi_fmul
                0x00000000000011e0                __aeabi_fdiv
                0x00000000000011e0                __divsf3
 .text          0x0000000000001318       0x4c c:/ncs/toolchains/0b393f9e1b/opt/zephyr-sdk/arm-zephyr-eabi/bin/../lib/gcc/arm-zephyr-eabi/12.2.0/thumb/v8-m.main/nofp\libgcc.a(_arm_fixsfsi.o)
                0x0000000000001318                __aeabi_f2iz
                0x0000000000001318                __fixsfsi
 .text          0x0000000000001364       0xa0 c:/ncs/toolchains/0b393f9e1b/opt/zephyr-sdk/arm-zephyr-eabi/bin/../lib/gcc/arm-zephyr-eabi/12.2.0/thumb/v8-m.main/nofp\libgcc.a(_aeabi_ldivmod.o)
                0x0000000000001364                __aeabi_ldivmod
 .text          0x0000000000001404       0x30 c:/ncs/toolchains/0b393f9e1b/opt/zephyr-sdk/arm-zephyr-eabi/bin/../lib/gcc/arm-zephyr-eabi/12.2.0/thumb/v8-m.main/nofp\libgcc.a(_aeabi_uldivmod.o)
                0x0000000000001404                __aeabi_uldivmod
 .text          0x0000000000001434        0x4 c:/ncs/toolchains/0b393f9e1b/opt/zephyr-sdk/arm-zephyr-eabi/bin/../lib/gcc/arm-zephyr-eabi/12.2.0/thumb/v8-m.main/nofp\libgcc.a(_dvmd_tls.o)
                0x0000000000001434                __aeabi_idiv0
                0x0000000000001434                __aeabi_ldiv0
 .text          0x0000000000001438       0x14 c:\ncs\toolchains\0b393f9e1b\opt\zephyr-sdk\arm-zephyr-eabi\bin\../lib/gcc/../../picolibc/arm-zephyr-eabi/lib/thumb/v8-m.main/nofp\libc.a(strcmp.S.o)
                0x0000000000001438                strcmp
 .text          0x000000000000144c       0x10 c:\ncs\toolchains\0b393f9e1b\opt\zephyr-sdk\arm-zephyr-eabi\bin\../lib/gcc/../../picolibc/arm-zephyr-eabi/lib/thumb/v8-m.main/nofp\libc.a(strcpy.S.o)
                0x000000000000144c                strcpy
 .text          0x000000000000145c       0x10 c:\ncs\toolchains\0b393f9e1b\opt\zephyr-sdk\arm-zephyr-eabi\bin\../lib/gcc/../../picolibc/arm-zephyr-eabi/lib/thumb/v8-m.main/nofp\libc.a(strlen.S.o)
                0x000000000000145c                strlen
 .text          0x000000000000146c      0x29c c:/ncs/toolchains/0b393f9e1b/opt/zephyr-sdk/arm-zephyr-eabi/bin/../lib/gcc/arm-zephyr-eabi/12.2.0/thumb/v8-m.main/nofp\libgcc.a(_udivmoddi4.o)
                0x000000000000146c                __udivmoddi4
 *(SORT_BY_ALIGNMENT(.text.*))
 .text.cmd_kernel_uptime
                0x0000000000001708       0xe8 zephyr/libzephyr.a(uptime.c.obj)
 .text.exp      0x00000000000017f0      0x2ec c:\ncs\toolchains\0b393f9e1b\opt\zephyr-sdk\arm-zephyr-eabi\bin\../lib/gcc/../../picolibc/arm-zephyr-eabi/lib/thumb/v8-m.main/nofp\libc.a(libm_math_s_exp.c.o)
                0x00000000000017f0                expl
                0x00000000000017f0                exp
 *fill*         0x0000000000001adc        0x4 
 .text.log      0x0000000000001ae0      0x360 c:\ncs\toolchains\0b393f9e1b\opt\zephyr-sdk\arm-zephyr-eabi\bin\../lib/gcc/../../picolibc/arm-zephyr-eabi/lib/thumb/v8-m.main/nofp\libc.a(libm_math_s_log.c.o)
                0x0000000000001ae0                logl
                0x0000000000001ae0                log
 .text.test_gpio3
                0x0000000000001e40       0x9c app/libapp.a(main.c.obj)
                0x0000000000001e40                test_gpio3
 .text.main     0x0000000000001edc       0xa4 app/libapp.a(main.c.obj)
                0x0000000000001edc                main
 .text.cbvprintf_package
                0x0000000000001f80      0x3a4 zephyr/libzephyr.a(cbprintf_packaged.c.obj)
                0x0000000000001f80                cbvprintf_package
 .text.cbprintf_package_convert
                0x0000000000002324      0x3d4 zephyr/libzephyr.a(cbprintf_packaged.c.obj)
                0x0000000000002324                cbprintf_package_convert
 .text.__printk_hook_install
                0x00000000000026f8        0xc zephyr/libzephyr.a(printk.c.obj)
                0x00000000000026f8                __printk_hook_install
 .text.z_thread_entry
                0x0000000000002704       0x34 zephyr/libzephyr.a(thread_entry.c.obj)
                0x0000000000002704                z_thread_entry
 .text.process_event
                0x0000000000002738      0x21c zephyr/libzephyr.a(onoff.c.obj)
 .text.activate_foreach_backend
                0x0000000000002954       0x64 zephyr/libzephyr.a(log_core.c.obj)
 .text.enable_logger
                0x00000000000029b8       0x5c zephyr/libzephyr.a(log_core.c.obj)
 .text.log_process_thread_timer_expiry_fn
                0x0000000000002a14        0xc zephyr/libzephyr.a(log_core.c.obj)
 .text.z_log_init
                0x0000000000002a20       0x90 zephyr/libzephyr.a(log_core.c.obj)
 .text.log_set_timestamp_func
                0x0000000000002ab0       0x20 zephyr/libzephyr.a(log_core.c.obj)
                0x0000000000002ab0                log_set_timestamp_func
 .text.z_log_notify_backend_enabled
                0x0000000000002ad0       0x1c zephyr/libzephyr.a(log_core.c.obj)
                0x0000000000002ad0                z_log_notify_backend_enabled
 .text.z_log_dropped
                0x0000000000002aec       0x3c zephyr/libzephyr.a(log_core.c.obj)
                0x0000000000002aec                z_log_dropped
 .text.z_log_dropped_read_and_clear
                0x0000000000002b28       0x18 zephyr/libzephyr.a(log_core.c.obj)
                0x0000000000002b28                z_log_dropped_read_and_clear
 .text.dropped_notify
                0x0000000000002b40       0x30 zephyr/libzephyr.a(log_core.c.obj)
                0x0000000000002b40                dropped_notify
 .text.z_log_msg_init
                0x0000000000002b70       0x20 zephyr/libzephyr.a(log_core.c.obj)
                0x0000000000002b70                z_log_msg_init
 .text.log_core_init
                0x0000000000002b90       0x38 zephyr/libzephyr.a(log_core.c.obj)
                0x0000000000002b90                log_core_init
 .text.z_log_msg_alloc
                0x0000000000002bc8       0x10 zephyr/libzephyr.a(log_core.c.obj)
                0x0000000000002bc8                z_log_msg_alloc
 .text.z_log_msg_local_claim
                0x0000000000002bd8        0xc zephyr/libzephyr.a(log_core.c.obj)
                0x0000000000002bd8                z_log_msg_local_claim
 .text.z_log_msg_free
                0x0000000000002be4       0x10 zephyr/libzephyr.a(log_core.c.obj)
                0x0000000000002be4                z_log_msg_free
 .text.z_log_msg_pending
                0x0000000000002bf4        0xc zephyr/libzephyr.a(log_core.c.obj)
                0x0000000000002bf4                z_log_msg_pending
 .text.z_impl_log_process
                0x0000000000002c00       0xec zephyr/libzephyr.a(log_core.c.obj)
                0x0000000000002c00                z_impl_log_process
 .text.z_impl_log_panic
                0x0000000000002cec       0x44 zephyr/libzephyr.a(log_core.c.obj)
                0x0000000000002cec                z_impl_log_panic
 .text.log_process_thread_func
                0x0000000000002d30       0xa4 zephyr/libzephyr.a(log_core.c.obj)
 .text.z_log_msg_post_finalize
                0x0000000000002dd4       0x78 zephyr/libzephyr.a(log_core.c.obj)
 .text.z_log_msg_commit
                0x0000000000002e4c       0x24 zephyr/libzephyr.a(log_core.c.obj)
                0x0000000000002e4c                z_log_msg_commit
 .text.log_mem_get_usage
                0x0000000000002e70       0x14 zephyr/libzephyr.a(log_core.c.obj)
                0x0000000000002e70                log_mem_get_usage
 .text.log_mem_get_max_usage
                0x0000000000002e84        0xc zephyr/libzephyr.a(log_core.c.obj)
                0x0000000000002e84                log_mem_get_max_usage
 .text.log_src_cnt_get
                0x0000000000002e90       0x14 zephyr/libzephyr.a(log_mgmt.c.obj)
                0x0000000000002e90                log_src_cnt_get
 .text.log_source_name_get
                0x0000000000002ea4       0x1c zephyr/libzephyr.a(log_mgmt.c.obj)
                0x0000000000002ea4                log_source_name_get
 .text.z_log_runtime_filters_init
                0x0000000000002ec0       0x3c zephyr/libzephyr.a(log_mgmt.c.obj)
                0x0000000000002ec0                z_log_runtime_filters_init
 .text.log_source_id_get
                0x0000000000002efc       0x38 zephyr/libzephyr.a(log_mgmt.c.obj)
                0x0000000000002efc                log_source_id_get
 .text.filter_set
                0x0000000000002f34       0xbc zephyr/libzephyr.a(log_mgmt.c.obj)
                0x0000000000002f34                filter_set
 .text.backend_filter_set
                0x0000000000002ff0       0x30 zephyr/libzephyr.a(log_mgmt.c.obj)
 .text.log_backend_enable
                0x0000000000003020       0x34 zephyr/libzephyr.a(log_mgmt.c.obj)
                0x0000000000003020                log_backend_enable
 .text.log_filter_get
                0x0000000000003054       0x4c zephyr/libzephyr.a(log_mgmt.c.obj)
                0x0000000000003054                log_filter_get
 .text.z_impl_z_log_msg_static_create
                0x00000000000030a0      0x110 zephyr/libzephyr.a(log_msg.c.obj)
                0x00000000000030a0                z_impl_z_log_msg_static_create
 .text.z_log_msg_runtime_vcreate
                0x00000000000031b0       0xb0 zephyr/libzephyr.a(log_msg.c.obj)
                0x00000000000031b0                z_log_msg_runtime_vcreate
 .text.log_msg_get_source_id
                0x0000000000003260       0x18 zephyr/libzephyr.a(log_msg.c.obj)
                0x0000000000003260                log_msg_get_source_id
 .text.print_formatted
                0x0000000000003278       0x24 zephyr/libzephyr.a(log_output.c.obj)
 .text.newline_print
                0x000000000000329c       0x1c zephyr/libzephyr.a(log_output.c.obj)
 .text.log_output_process
                0x00000000000032b8      0x2d4 zephyr/libzephyr.a(log_output.c.obj)
                0x00000000000032b8                log_output_process
 .text.log_output_dropped_process
                0x000000000000358c       0x58 zephyr/libzephyr.a(log_output.c.obj)
                0x000000000000358c                log_output_dropped_process
 .text.log_output_timestamp_freq_set
                0x00000000000035e4       0x2c zephyr/libzephyr.a(log_output.c.obj)
                0x00000000000035e4                log_output_timestamp_freq_set
 .text.severity_lvl_get
                0x0000000000003610       0x24 zephyr/libzephyr.a(log_cmds.c.obj)
 .text.backend_name_get
                0x0000000000003634       0x30 zephyr/libzephyr.a(log_cmds.c.obj)
 .text.module_name_get
                0x0000000000003664       0x20 zephyr/libzephyr.a(log_cmds.c.obj)
 .text.cmd_log_backends_list
                0x0000000000003684       0x54 zephyr/libzephyr.a(log_cmds.c.obj)
 .text.log_status
                0x00000000000036d8       0xa8 zephyr/libzephyr.a(log_cmds.c.obj)
 .text.shell_state_precheck
                0x0000000000003780       0x20 zephyr/libzephyr.a(log_cmds.c.obj)
 .text.shell_backend_cmd_execute
                0x00000000000037a0       0x60 zephyr/libzephyr.a(log_cmds.c.obj)
 .text.cmd_log_backend_status
                0x0000000000003800       0x10 zephyr/libzephyr.a(log_cmds.c.obj)
 .text.cmd_log_backend_halt
                0x0000000000003810        0xc zephyr/libzephyr.a(log_cmds.c.obj)
 .text.cmd_log_backend_go
                0x000000000000381c        0xc zephyr/libzephyr.a(log_cmds.c.obj)
 .text.cmd_log_backend_enable
                0x0000000000003828        0xc zephyr/libzephyr.a(log_cmds.c.obj)
 .text.cmd_log_backend_disable
                0x0000000000003834        0xc zephyr/libzephyr.a(log_cmds.c.obj)
 .text.cmd_log_mem
                0x0000000000003840       0x78 zephyr/libzephyr.a(log_cmds.c.obj)
 .text.filters_set
                0x00000000000038b8       0xd0 zephyr/libzephyr.a(log_cmds.c.obj)
 .text.log_enable
                0x0000000000003988       0x60 zephyr/libzephyr.a(log_cmds.c.obj)
 .text.mem_attr_get_regions
                0x00000000000039e8        0xc zephyr/libzephyr.a(mem_attr.c.obj)
                0x00000000000039e8                mem_attr_get_regions
 .text.cmd_kernel_cycles
                0x00000000000039f4       0x1c zephyr/libzephyr.a(cycles.c.obj)
 .text.cmd_kernel_sleep
                0x0000000000003a10       0x50 zephyr/libzephyr.a(sleep.c.obj)
 .text.cmd_kernel_version
                0x0000000000003a60       0x18 zephyr/libzephyr.a(version.c.obj)
 .text.cmd_kernel_log_level_set
                0x0000000000003a78       0x7c zephyr/libzephyr.a(log-level.c.obj)
 .text.cmd_kernel_thread_list
                0x0000000000003af4       0x34 zephyr/libzephyr.a(list.c.obj)
 .text.shell_tdata_dump
                0x0000000000003b28       0xc0 zephyr/libzephyr.a(list.c.obj)
 .text.cmd_kernel_thread_stacks
                0x0000000000003be8       0x70 zephyr/libzephyr.a(stacks.c.obj)
 .text.shell_stack_dump
                0x0000000000003c58       0x60 zephyr/libzephyr.a(stacks.c.obj)
 .text.cmd_device_list
                0x0000000000003cb8       0xd8 zephyr/libzephyr.a(device_service.c.obj)
 .text.cmd_devmem
                0x0000000000003d90       0xc4 zephyr/libzephyr.a(devmem_service.c.obj)
 .text.cmd_dump
                0x0000000000003e54      0x178 zephyr/libzephyr.a(devmem_service.c.obj)
 .text.set_bypass.isra.0
                0x0000000000003fcc       0x4c zephyr/libzephyr.a(devmem_service.c.obj)
 .text.bypass_cb
                0x0000000000004018      0x114 zephyr/libzephyr.a(devmem_service.c.obj)
 .text.cmd_load
                0x000000000000412c       0xd8 zephyr/libzephyr.a(devmem_service.c.obj)
 .text.enable_shell_uart
                0x0000000000004204       0x38 zephyr/libzephyr.a(shell_uart.c.obj)
 .text.init     0x000000000000423c       0x60 zephyr/libzephyr.a(shell_uart.c.obj)
 .text.uart_callback
                0x000000000000429c      0x100 zephyr/libzephyr.a(shell_uart.c.obj)
 .text.shell_internal_help_print
                0x000000000000439c       0x20 zephyr/libzephyr.a(shell.c.obj)
 .text.kill_handler
                0x00000000000043bc       0x54 zephyr/libzephyr.a(shell.c.obj)
 .text.z_cursor_next_line_move.isra.0
                0x0000000000004410        0xc zephyr/libzephyr.a(shell.c.obj)
 .text.history_handle
                0x000000000000441c       0xac zephyr/libzephyr.a(shell.c.obj)
 .text.execute  0x00000000000044c8      0x2c8 zephyr/libzephyr.a(shell.c.obj)
 .text.state_set.constprop.0
                0x0000000000004790       0x4c zephyr/libzephyr.a(shell.c.obj)
 .text.shell_process
                0x00000000000047dc      0x6b8 zephyr/libzephyr.a(shell.c.obj)
                0x00000000000047dc                shell_process
 .text.shell_thread
                0x0000000000004e94       0xd8 zephyr/libzephyr.a(shell.c.obj)
                0x0000000000004e94                shell_thread
 .text.cmd_help
                0x0000000000004f6c       0x44 zephyr/libzephyr.a(shell.c.obj)
 .text.shell_hexdump_line
                0x0000000000004fb0       0xcc zephyr/libzephyr.a(shell.c.obj)
                0x0000000000004fb0                shell_hexdump_line
 .text.shell_init
                0x000000000000507c       0xe8 zephyr/libzephyr.a(shell.c.obj)
                0x000000000000507c                shell_init
 .text.z_shell_fprintf_fmt
                0x0000000000005164       0x28 zephyr/libzephyr.a(shell_fprintf.c.obj)
                0x0000000000005164                z_shell_fprintf_fmt
 .text.z_shell_cmd_get
                0x000000000000518c       0x74 zephyr/libzephyr.a(shell_utils.c.obj)
                0x000000000000518c                z_shell_cmd_get
 .text.shell_strtoul
                0x0000000000005200       0x50 zephyr/libzephyr.a(shell_utils.c.obj)
                0x0000000000005200                shell_strtoul
 .text.z_clear_eos
                0x0000000000005250       0x18 zephyr/libzephyr.a(shell_ops.c.obj)
 .text.z_cursor_next_line_move.isra.0
                0x0000000000005268        0xc zephyr/libzephyr.a(shell_ops.c.obj)
 .text.z_shell_op_cursor_vert_move
                0x0000000000005274       0x2c zephyr/libzephyr.a(shell_ops.c.obj)
                0x0000000000005274                z_shell_op_cursor_vert_move
 .text.z_shell_op_cursor_horiz_move
                0x00000000000052a0       0x2c zephyr/libzephyr.a(shell_ops.c.obj)
                0x00000000000052a0                z_shell_op_cursor_horiz_move
 .text.z_shell_print_cmd
                0x00000000000052cc       0x78 zephyr/libzephyr.a(shell_ops.c.obj)
                0x00000000000052cc                z_shell_print_cmd
 .text.z_shell_vt100_color_set
                0x0000000000005344       0x40 zephyr/libzephyr.a(shell_ops.c.obj)
                0x0000000000005344                z_shell_vt100_color_set
 .text.z_shell_vt100_colors_restore
                0x0000000000005384       0x3c zephyr/libzephyr.a(shell_ops.c.obj)
                0x0000000000005384                z_shell_vt100_colors_restore
 .text.z_shell_op_word_remove
                0x00000000000053c0       0xc8 zephyr/libzephyr.a(shell_ops.c.obj)
                0x00000000000053c0                z_shell_op_word_remove
 .text.reprint_from_cursor
                0x0000000000005488       0x7c zephyr/libzephyr.a(shell_ops.c.obj)
 .text.z_shell_op_char_insert
                0x0000000000005504       0x70 zephyr/libzephyr.a(shell_ops.c.obj)
                0x0000000000005504                z_shell_op_char_insert
 .text.z_shell_print_prompt_and_cmd
                0x0000000000005574       0x30 zephyr/libzephyr.a(shell_ops.c.obj)
                0x0000000000005574                z_shell_print_prompt_and_cmd
 .text.z_cursor_next_line_move.isra.0
                0x00000000000055a4        0xc zephyr/libzephyr.a(shell_help.c.obj)
 .text.z_shell_help_subcmd_print
                0x00000000000055b0       0xb4 zephyr/libzephyr.a(shell_help.c.obj)
                0x00000000000055b0                z_shell_help_subcmd_print
 .text.z_shell_help_cmd_print
                0x0000000000005664       0x40 zephyr/libzephyr.a(shell_help.c.obj)
                0x0000000000005664                z_shell_help_cmd_print
 .text.z_shell_help_request
                0x00000000000056a4       0x28 zephyr/libzephyr.a(shell_help.c.obj)
                0x00000000000056a4                z_shell_help_request
 .text.cmd_resize_default
                0x00000000000056cc       0x2c zephyr/libzephyr.a(shell_cmds.c.obj)
 .text.cmd_shell_stats_show
                0x00000000000056f8       0x14 zephyr/libzephyr.a(shell_cmds.c.obj)
 .text.cmd_backends
                0x000000000000570c       0x4c zephyr/libzephyr.a(shell_cmds.c.obj)
 .text.cmd_prompt_off
                0x0000000000005758       0x10 zephyr/libzephyr.a(shell_cmds.c.obj)
 .text.cmd_history
                0x0000000000005768       0x40 zephyr/libzephyr.a(shell_cmds.c.obj)
 .text.cmd_get_retval
                0x00000000000057a8       0x1c zephyr/libzephyr.a(shell_cmds.c.obj)
 .text.cmd_echo
                0x00000000000057c4       0x50 zephyr/libzephyr.a(shell_cmds.c.obj)
 .text.cmd_clear
                0x0000000000005814       0x34 zephyr/libzephyr.a(shell_cmds.c.obj)
 .text.cmd_resize
                0x0000000000005848      0x1a0 zephyr/libzephyr.a(shell_cmds.c.obj)
 .text.z_shell_wildcard_process
                0x00000000000059e8       0xe4 zephyr/libzephyr.a(shell_wildcard.c.obj)
                0x00000000000059e8                z_shell_wildcard_process
 .text.boot_banner
                0x0000000000005acc       0x1c zephyr/libzephyr.a(banner.c.obj)
                0x0000000000005acc                boot_banner
 .text.z_arm_fatal_error
                0x0000000000005ae8       0xe0 zephyr/arch/arch/arm/core/libarch__arm__core.a(fatal.c.obj)
                0x0000000000005ae8                z_arm_fatal_error
 .text.z_SysNmiOnReset
                0x0000000000005bc8        0x8 zephyr/arch/arch/arm/core/libarch__arm__core.a(nmi_on_reset.S.obj)
                0x0000000000005bc8                z_SysNmiOnReset
 .text.arch_tls_stack_setup
                0x0000000000005bd0       0x40 zephyr/arch/arch/arm/core/libarch__arm__core.a(tls.c.obj)
                0x0000000000005bd0                arch_tls_stack_setup
 .text._HandlerModeExit
                0x0000000000005c10       0x28 zephyr/arch/arch/arm/core/cortex_m/libarch__arm__core__cortex_m.a(exc_exit.c.obj)
                0x0000000000005c10                z_arm_int_exit
                0x0000000000005c10                z_arm_exc_exit
 .text.mem_manage_fault.constprop.0
                0x0000000000005c38      0x100 zephyr/arch/arch/arm/core/cortex_m/libarch__arm__core__cortex_m.a(fault.c.obj)
 .text.usage_fault.constprop.0
                0x0000000000005d38       0xf8 zephyr/arch/arch/arm/core/cortex_m/libarch__arm__core__cortex_m.a(fault.c.obj)
 .text.bus_fault.constprop.0
                0x0000000000005e30      0x108 zephyr/arch/arch/arm/core/cortex_m/libarch__arm__core__cortex_m.a(fault.c.obj)
 .text.z_arm_fault
                0x0000000000005f38      0x208 zephyr/arch/arch/arm/core/cortex_m/libarch__arm__core__cortex_m.a(fault.c.obj)
                0x0000000000005f38                z_arm_fault
 .text.z_arm_fault_init
                0x0000000000006140       0x20 zephyr/arch/arch/arm/core/cortex_m/libarch__arm__core__cortex_m.a(fault.c.obj)
                0x0000000000006140                z_arm_fault_init
 .text.__fault  0x0000000000006160       0x14 zephyr/arch/arch/arm/core/cortex_m/libarch__arm__core__cortex_m.a(fault_s.S.obj)
                0x0000000000006160                z_arm_usage_fault
                0x0000000000006160                z_arm_mpu_fault
                0x0000000000006160                z_arm_exc_spurious
                0x0000000000006160                z_arm_debug_monitor
                0x0000000000006160                z_arm_hard_fault
                0x0000000000006160                z_arm_bus_fault
 .text._reset_section
                0x0000000000006174       0x78 zephyr/arch/arch/arm/core/cortex_m/libarch__arm__core__cortex_m.a(reset.S.obj)
                0x0000000000006174                __start
                0x0000000000006174                z_arm_reset
 .text.z_arm_clear_arm_mpu_config
                0x00000000000061ec       0x24 zephyr/arch/arch/arm/core/cortex_m/libarch__arm__core__cortex_m.a(scb.c.obj)
                0x00000000000061ec                z_arm_clear_arm_mpu_config
 .text.z_arm_init_arch_hw_at_boot
                0x0000000000006210       0x4c zephyr/arch/arch/arm/core/cortex_m/libarch__arm__core__cortex_m.a(scb.c.obj)
                0x0000000000006210                z_arm_init_arch_hw_at_boot
 .text.z_impl_k_thread_abort
                0x000000000000625c       0x2c zephyr/arch/arch/arm/core/cortex_m/libarch__arm__core__cortex_m.a(thread_abort.c.obj)
                0x000000000000625c                z_impl_k_thread_abort
 .text.z_arm_pendsv
                0x0000000000006288       0x6c zephyr/arch/arch/arm/core/cortex_m/libarch__arm__core__cortex_m.a(swap_helper.S.obj)
                0x0000000000006288                z_arm_pendsv
 .text.z_arm_svc
                0x00000000000062f4       0x24 zephyr/arch/arch/arm/core/cortex_m/libarch__arm__core__cortex_m.a(swap_helper.S.obj)
                0x00000000000062f4                z_arm_svc
 .text.arch_irq_enable
                0x0000000000006318       0x1c zephyr/arch/arch/arm/core/cortex_m/libarch__arm__core__cortex_m.a(irq_manage.c.obj)
                0x0000000000006318                arch_irq_enable
 .text.arch_irq_disable
                0x0000000000006334       0x28 zephyr/arch/arch/arm/core/cortex_m/libarch__arm__core__cortex_m.a(irq_manage.c.obj)
                0x0000000000006334                arch_irq_disable
 .text.arch_irq_is_enabled
                0x000000000000635c       0x1c zephyr/arch/arch/arm/core/cortex_m/libarch__arm__core__cortex_m.a(irq_manage.c.obj)
                0x000000000000635c                arch_irq_is_enabled
 .text.z_arm_irq_priority_set
                0x0000000000006378       0x2c zephyr/arch/arch/arm/core/cortex_m/libarch__arm__core__cortex_m.a(irq_manage.c.obj)
                0x0000000000006378                z_arm_irq_priority_set
 .text.z_prep_c
                0x00000000000063a4       0x38 zephyr/arch/arch/arm/core/cortex_m/libarch__arm__core__cortex_m.a(prep_c.c.obj)
                0x00000000000063a4                z_prep_c
 .text.arch_new_thread
                0x00000000000063dc       0x38 zephyr/arch/arch/arm/core/cortex_m/libarch__arm__core__cortex_m.a(thread.c.obj)
                0x00000000000063dc                arch_new_thread
 .text.arch_switch_to_main_thread
                0x0000000000006414       0x44 zephyr/arch/arch/arm/core/cortex_m/libarch__arm__core__cortex_m.a(thread.c.obj)
                0x0000000000006414                arch_switch_to_main_thread
 .text.z_arm_cpu_idle_init
                0x0000000000006458        0xc zephyr/arch/arch/arm/core/cortex_m/libarch__arm__core__cortex_m.a(cpu_idle.c.obj)
                0x0000000000006458                z_arm_cpu_idle_init
 .text.z_arm_interrupt_init
                0x0000000000006464       0x20 zephyr/arch/arch/arm/core/cortex_m/libarch__arm__core__cortex_m.a(irq_init.c.obj)
                0x0000000000006464                z_arm_interrupt_init
 .text._isr_wrapper
                0x0000000000006484       0x24 zephyr/arch/arch/arm/core/cortex_m/libarch__arm__core__cortex_m.a(isr_wrapper.c.obj)
                0x0000000000006484                _isr_wrapper
 .text.z_arm_configure_static_mpu_regions
                0x00000000000064a8       0x38 zephyr/arch/arch/arm/core/mpu/libarch__arm__core__mpu.a(arm_core_mpu.c.obj)
                0x00000000000064a8                z_arm_configure_static_mpu_regions
 .text.region_init
                0x00000000000064e0       0x34 zephyr/arch/arch/arm/core/mpu/libarch__arm__core__mpu.a(arm_mpu.c.obj)
 .text.region_allocate_and_init
                0x0000000000006514       0x40 zephyr/arch/arch/arm/core/mpu/libarch__arm__core__mpu.a(arm_mpu.c.obj)
 .text.mpu_configure_regions_and_partition.constprop.0
                0x0000000000006554      0x170 zephyr/arch/arch/arm/core/mpu/libarch__arm__core__mpu.a(arm_mpu.c.obj)
 .text.arm_core_mpu_enable
                0x00000000000066c4       0x18 zephyr/arch/arch/arm/core/mpu/libarch__arm__core__mpu.a(arm_mpu.c.obj)
                0x00000000000066c4                arm_core_mpu_enable
 .text.arm_core_mpu_disable
                0x00000000000066dc       0x14 zephyr/arch/arch/arm/core/mpu/libarch__arm__core__mpu.a(arm_mpu.c.obj)
                0x00000000000066dc                arm_core_mpu_disable
 .text.arm_core_mpu_configure_static_mpu_regions
                0x00000000000066f0       0x14 zephyr/arch/arch/arm/core/mpu/libarch__arm__core__mpu.a(arm_mpu.c.obj)
                0x00000000000066f0                arm_core_mpu_configure_static_mpu_regions
 .text.arm_core_mpu_mark_areas_for_dynamic_regions
                0x0000000000006704       0xb8 zephyr/arch/arch/arm/core/mpu/libarch__arm__core__mpu.a(arm_mpu.c.obj)
                0x0000000000006704                arm_core_mpu_mark_areas_for_dynamic_regions
 .text.z_arm_mpu_init
                0x00000000000067bc      0x11c zephyr/arch/arch/arm/core/mpu/libarch__arm__core__mpu.a(arm_mpu.c.obj)
                0x00000000000067bc                z_arm_mpu_init
 .text.cbvprintf
                0x00000000000068d8       0x38 zephyr/lib/libc/picolibc/liblib__libc__picolibc.a(cbprintf.c.obj)
                0x00000000000068d8                cbvprintf
 .text.z_impl_zephyr_fputc
                0x0000000000006910       0x10 zephyr/lib/libc/picolibc/liblib__libc__picolibc.a(stdio.c.obj)
                0x0000000000006910                z_impl_zephyr_fputc
 .text.__stdout_hook_install
                0x0000000000006920       0x18 zephyr/lib/libc/picolibc/liblib__libc__picolibc.a(stdio.c.obj)
                0x0000000000006920                __stdout_hook_install
 .text.malloc_prepare
                0x0000000000006938       0x24 zephyr/lib/libc/common/liblib__libc__common.a(malloc.c.obj)
 .text.getopt_init
                0x000000000000695c       0x48 zephyr/lib/posix/options/liblib__posix__options.a(getopt.c.obj)
                0x000000000000695c                getopt_init
 .text.getopt   0x00000000000069a4       0xf8 zephyr/lib/posix/options/liblib__posix__options.a(getopt.c.obj)
                0x00000000000069a4                getopt
 .text.z_getopt_global_state_update
                0x0000000000006a9c       0x34 zephyr/lib/posix/options/liblib__posix__options.a(getopt_common.c.obj)
                0x0000000000006a9c                z_getopt_global_state_update
 .text.getopt_state_get
                0x0000000000006ad0        0x8 zephyr/lib/posix/options/liblib__posix__options.a(getopt_common.c.obj)
                0x0000000000006ad0                getopt_state_get
 .text.nordicsemi_nrf54l_init
                0x0000000000006ad8       0xb4 zephyr/soc/soc/nrf54l15/libsoc__nordic.a(soc.c.obj)
                0x0000000000006ad8                nordicsemi_nrf54l_init
 .text.arch_busy_wait
                0x0000000000006b8c       0x24 zephyr/soc/soc/nrf54l15/libsoc__nordic.a(soc.c.obj)
                0x0000000000006b8c                arch_busy_wait
 .text.cache_instr_enable
                0x0000000000006bb0       0x10 zephyr/drivers/cache/libdrivers__cache.a(cache_nrf.c.obj)
                0x0000000000006bb0                cache_instr_enable
 .text.onoff_stop
                0x0000000000006bc0       0x30 zephyr/drivers/clock_control/libdrivers__clock_control.a(clock_control_nrf.c.obj)
 .text.onoff_start
                0x0000000000006bf0       0x44 zephyr/drivers/clock_control/libdrivers__clock_control.a(clock_control_nrf.c.obj)
 .text.generic_hfclk_stop
                0x0000000000006c34       0x34 zephyr/drivers/clock_control/libdrivers__clock_control.a(clock_control_nrf.c.obj)
 .text.clk_init
                0x0000000000006c68       0x5c zephyr/drivers/clock_control/libdrivers__clock_control.a(clock_control_nrf.c.obj)
 .text.api_blocking_start
                0x0000000000006cc4       0x3c zephyr/drivers/clock_control/libdrivers__clock_control.a(clock_control_nrf.c.obj)
 .text.clkstarted_handle.constprop.0
                0x0000000000006d00       0x4c zephyr/drivers/clock_control/libdrivers__clock_control.a(clock_control_nrf.c.obj)
 .text.generic_hfclk_start
                0x0000000000006d4c       0x78 zephyr/drivers/clock_control/libdrivers__clock_control.a(clock_control_nrf.c.obj)
 .text.z_nrf_clock_control_get_onoff
                0x0000000000006dc4       0x10 zephyr/drivers/clock_control/libdrivers__clock_control.a(clock_control_nrf.c.obj)
                0x0000000000006dc4                z_nrf_clock_control_get_onoff
 .text.z_nrf_clock_control_lf_on
                0x0000000000006dd4       0xf4 zephyr/drivers/clock_control/libdrivers__clock_control.a(clock_control_nrf.c.obj)
                0x0000000000006dd4                z_nrf_clock_control_lf_on
 .text.uart_console_init
                0x0000000000006ec8       0x28 zephyr/drivers/console/libdrivers__console.a(uart_console.c.obj)
 .text.console_out
                0x0000000000006ef0       0x28 zephyr/drivers/console/libdrivers__console.a(uart_console.c.obj)
 .text.gpio_nrfx_init
                0x0000000000006f18       0x54 zephyr/drivers/gpio/libdrivers__gpio.a(gpio_nrfx.c.obj)
 .text.gpio_nrfx_pin_configure
                0x0000000000006f6c      0x184 zephyr/drivers/gpio/libdrivers__gpio.a(gpio_nrfx.c.obj)
 .text.nrfx_gpio_handler
                0x00000000000070f0       0x58 zephyr/drivers/gpio/libdrivers__gpio.a(gpio_nrfx.c.obj)
 .text.gpio_nrfx_pin_interrupt_configure
                0x0000000000007148       0xfc zephyr/drivers/gpio/libdrivers__gpio.a(gpio_nrfx.c.obj)
 .text.cmd_i2c_speed
                0x0000000000007244       0x8c zephyr/drivers/i2c/libdrivers__i2c.a(i2c_shell.c.obj)
 .text.i2c_read_to_buffer
                0x00000000000072d0       0xb4 zephyr/drivers/i2c/libdrivers__i2c.a(i2c_shell.c.obj)
 .text.cmd_i2c_read_byte
                0x0000000000007384       0x38 zephyr/drivers/i2c/libdrivers__i2c.a(i2c_shell.c.obj)
 .text.cmd_i2c_scan
                0x00000000000073bc       0xdc zephyr/drivers/i2c/libdrivers__i2c.a(i2c_shell.c.obj)
 .text.cmd_i2c_recover
                0x0000000000007498       0x48 zephyr/drivers/i2c/libdrivers__i2c.a(i2c_shell.c.obj)
 .text.i2c_write_from_buffer
                0x00000000000074e0       0xd4 zephyr/drivers/i2c/libdrivers__i2c.a(i2c_shell.c.obj)
 .text.event_handler
                0x00000000000075b4       0x38 zephyr/drivers/i2c/libdrivers__i2c.a(i2c_nrfx_twim.c.obj)
 .text.i2c_nrfx_twim_transfer
                0x00000000000075ec      0x194 zephyr/drivers/i2c/libdrivers__i2c.a(i2c_nrfx_twim.c.obj)
 .text.i2c_nrfx_twim_recover_bus
                0x0000000000007780       0x40 zephyr/drivers/i2c/libdrivers__i2c.a(i2c_nrfx_twim_common.c.obj)
                0x0000000000007780                i2c_nrfx_twim_recover_bus
 .text.i2c_nrfx_twim_configure
                0x00000000000077c0       0x48 zephyr/drivers/i2c/libdrivers__i2c.a(i2c_nrfx_twim_common.c.obj)
                0x00000000000077c0                i2c_nrfx_twim_configure
 .text.i2c_nrfx_twim_msg_transfer
                0x0000000000007808       0x88 zephyr/drivers/i2c/libdrivers__i2c.a(i2c_nrfx_twim_common.c.obj)
                0x0000000000007808                i2c_nrfx_twim_msg_transfer
 .text.i2c_nrfx_twim_common_init
                0x0000000000007890       0x7c zephyr/drivers/i2c/libdrivers__i2c.a(i2c_nrfx_twim_common.c.obj)
                0x0000000000007890                i2c_nrfx_twim_common_init
 .text.led_gpio_init
                0x000000000000790c      0x11c zephyr/drivers/led/libdrivers__led.a(led_gpio.c.obj)
 .text.mfd_npm1300_init
                0x0000000000007a28      0x104 zephyr/drivers/mfd/libdrivers__mfd.a(mfd_npm1300.c.obj)
 .text.work_callback
                0x0000000000007b2c       0xc4 zephyr/drivers/mfd/libdrivers__mfd.a(mfd_npm1300.c.obj)
 .text.nrf_gpio_pin_port_decode
                0x0000000000007bf0       0x20 zephyr/drivers/pinctrl/libdrivers__pinctrl.a(pinctrl_nrf.c.obj)
 .text.pinctrl_configure_pins
                0x0000000000007c10      0x16c zephyr/drivers/pinctrl/libdrivers__pinctrl.a(pinctrl_nrf.c.obj)
                0x0000000000007c10                pinctrl_configure_pins
 .text.linear_range_get_value.constprop.0
                0x0000000000007d7c       0x20 zephyr/drivers/regulator/libdrivers__regulator.a(regulator_npm1300.c.obj)
 .text.linear_range_get_win_index.constprop.0
                0x0000000000007d9c       0x5c zephyr/drivers/regulator/libdrivers__regulator.a(regulator_npm1300.c.obj)
 .text.hfclk_on_callback
                0x0000000000007df8        0xc zephyr/drivers/sensor/nordic/temp/libdrivers__sensor__nordic__temp.a(temp_nrf5.c.obj)
 .text.temp_nrf5_channel_get
                0x0000000000007e04       0x2c zephyr/drivers/sensor/nordic/temp/libdrivers__sensor__nordic__temp.a(temp_nrf5.c.obj)
 .text.temp_nrf5_isr
                0x0000000000007e30       0x18 zephyr/drivers/sensor/nordic/temp/libdrivers__sensor__nordic__temp.a(temp_nrf5.c.obj)
 .text.temp_nrf5_sample_fetch
                0x0000000000007e48       0x78 zephyr/drivers/sensor/nordic/temp/libdrivers__sensor__nordic__temp.a(temp_nrf5.c.obj)
 .text.temp_nrf5_init
                0x0000000000007ec0       0x40 zephyr/drivers/sensor/nordic/temp/libdrivers__sensor__nordic__temp.a(temp_nrf5.c.obj)
 .text.npm1300_charger_attr_get
                0x0000000000007f00       0xd0 zephyr/drivers/sensor/nordic/npm1300_charger/libdrivers__sensor__nordic__npm1300_charger.a(npm1300_charger.c.obj)
 .text.npm1300_charger_channel_get
                0x0000000000007fd0      0x1a4 zephyr/drivers/sensor/nordic/npm1300_charger/libdrivers__sensor__nordic__npm1300_charger.a(npm1300_charger.c.obj)
                0x0000000000007fd0                npm1300_charger_channel_get
 .text.npm1300_charger_init
                0x0000000000008174      0x2dc zephyr/drivers/sensor/nordic/npm1300_charger/libdrivers__sensor__nordic__npm1300_charger.a(npm1300_charger.c.obj)
                0x0000000000008174                npm1300_charger_init
 .text.npm1300_charger_attr_set
                0x0000000000008450       0x80 zephyr/drivers/sensor/nordic/npm1300_charger/libdrivers__sensor__nordic__npm1300_charger.a(npm1300_charger.c.obj)
 .text.uarte_nrfx_poll_out
                0x00000000000084d0       0xb4 zephyr/drivers/serial/libdrivers__serial.a(uart_nrfx_uarte.c.obj)
 .text.sys_clock_timeout_handler
                0x0000000000008584       0x48 zephyr/drivers/timer/libdrivers__timer.a(nrf_grtc_timer.c.obj)
 .text.sys_clock_driver_init
                0x00000000000085cc       0x6c zephyr/drivers/timer/libdrivers__timer.a(nrf_grtc_timer.c.obj)
 .text.sys_clock_elapsed
                0x0000000000008638       0x2c zephyr/drivers/timer/libdrivers__timer.a(nrf_grtc_timer.c.obj)
                0x0000000000008638                sys_clock_elapsed
 .text.sys_clock_set_timeout
                0x0000000000008664       0x5c zephyr/drivers/timer/libdrivers__timer.a(nrf_grtc_timer.c.obj)
                0x0000000000008664                sys_clock_set_timeout
 .text.nrf54l_errata_31
                0x00000000000086c0       0x20 modules/hal_nordic/modules/hal_nordic/nrfx/libmodules__hal_nordic__nrfx.a(system_nrf54l.c.obj)
 .text.nrf54l_handle_approtect_signal
                0x00000000000086e0       0x34 modules/hal_nordic/modules/hal_nordic/nrfx/libmodules__hal_nordic__nrfx.a(system_nrf54l.c.obj)
 .text.SystemInit
                0x0000000000008714       0xf8 modules/hal_nordic/modules/hal_nordic/nrfx/libmodules__hal_nordic__nrfx.a(system_nrf54l.c.obj)
                0x0000000000008714                SystemInit
 .text.nrfx_flag32_alloc
                0x000000000000880c       0x40 modules/hal_nordic/modules/hal_nordic/nrfx/libmodules__hal_nordic__nrfx.a(nrfx_flag32_allocator.c.obj)
                0x000000000000880c                nrfx_flag32_alloc
 .text.nrfx_flag32_free
                0x000000000000884c       0x38 modules/hal_nordic/modules/hal_nordic/nrfx/libmodules__hal_nordic__nrfx.a(nrfx_flag32_allocator.c.obj)
                0x000000000000884c                nrfx_flag32_free
 .text.clock_stop
                0x0000000000008884       0xd8 modules/hal_nordic/modules/hal_nordic/nrfx/libmodules__hal_nordic__nrfx.a(nrfx_clock.c.obj)
 .text.nrfx_clock_init
                0x000000000000895c       0x20 modules/hal_nordic/modules/hal_nordic/nrfx/libmodules__hal_nordic__nrfx.a(nrfx_clock.c.obj)
                0x000000000000895c                nrfx_clock_init
 .text.nrfx_clock_enable
                0x000000000000897c       0x2c modules/hal_nordic/modules/hal_nordic/nrfx/libmodules__hal_nordic__nrfx.a(nrfx_clock.c.obj)
                0x000000000000897c                nrfx_clock_enable
 .text.nrfx_clock_start
                0x00000000000089a8       0xe0 modules/hal_nordic/modules/hal_nordic/nrfx/libmodules__hal_nordic__nrfx.a(nrfx_clock.c.obj)
                0x00000000000089a8                nrfx_clock_start
 .text.nrfx_power_clock_irq_handler
                0x0000000000008a88       0x84 modules/hal_nordic/modules/hal_nordic/nrfx/libmodules__hal_nordic__nrfx.a(nrfx_clock.c.obj)
                0x0000000000008a88                nrfx_power_clock_irq_handler
 .text.nrf_gpio_pin_port_decode
                0x0000000000008b0c       0x20 modules/hal_nordic/modules/hal_nordic/nrfx/libmodules__hal_nordic__nrfx.a(nrfx_gpiote.c.obj)
 .text.get_pin_idx
                0x0000000000008b2c       0x14 modules/hal_nordic/modules/hal_nordic/nrfx/libmodules__hal_nordic__nrfx.a(nrfx_gpiote.c.obj)
 .text.release_handler
                0x0000000000008b40       0x70 modules/hal_nordic/modules/hal_nordic/nrfx/libmodules__hal_nordic__nrfx.a(nrfx_gpiote.c.obj)
 .text.latch_pending_read_and_check
                0x0000000000008bb0       0x58 modules/hal_nordic/modules/hal_nordic/nrfx/libmodules__hal_nordic__nrfx.a(nrfx_gpiote.c.obj)
 .text.pin_te_get.isra.0
                0x0000000000008c08       0x20 modules/hal_nordic/modules/hal_nordic/nrfx/libmodules__hal_nordic__nrfx.a(nrfx_gpiote.c.obj)
 .text.pin_is_output.isra.0
                0x0000000000008c28       0x24 modules/hal_nordic/modules/hal_nordic/nrfx/libmodules__hal_nordic__nrfx.a(nrfx_gpiote.c.obj)
 .text.pin_in_use_by_te.isra.0
                0x0000000000008c4c       0x24 modules/hal_nordic/modules/hal_nordic/nrfx/libmodules__hal_nordic__nrfx.a(nrfx_gpiote.c.obj)
 .text.irq_handler
                0x0000000000008c70      0x1a8 modules/hal_nordic/modules/hal_nordic/nrfx/libmodules__hal_nordic__nrfx.a(nrfx_gpiote.c.obj)
 .text.pin_uninit
                0x0000000000008e18       0xa4 modules/hal_nordic/modules/hal_nordic/nrfx/libmodules__hal_nordic__nrfx.a(nrfx_gpiote.c.obj)
 .text.nrfx_gpiote_input_configure
                0x0000000000008ebc      0x1ec modules/hal_nordic/modules/hal_nordic/nrfx/libmodules__hal_nordic__nrfx.a(nrfx_gpiote.c.obj)
                0x0000000000008ebc                nrfx_gpiote_input_configure
 .text.nrfx_gpiote_output_configure
                0x00000000000090a8      0x128 modules/hal_nordic/modules/hal_nordic/nrfx/libmodules__hal_nordic__nrfx.a(nrfx_gpiote.c.obj)
                0x00000000000090a8                nrfx_gpiote_output_configure
 .text.nrfx_gpiote_global_callback_set
                0x00000000000091d0       0x1c modules/hal_nordic/modules/hal_nordic/nrfx/libmodules__hal_nordic__nrfx.a(nrfx_gpiote.c.obj)
                0x00000000000091d0                nrfx_gpiote_global_callback_set
 .text.nrfx_gpiote_channel_get
                0x00000000000091ec       0x3c modules/hal_nordic/modules/hal_nordic/nrfx/libmodules__hal_nordic__nrfx.a(nrfx_gpiote.c.obj)
                0x00000000000091ec                nrfx_gpiote_channel_get
 .text.nrfx_gpiote_init
                0x0000000000009228       0x7c modules/hal_nordic/modules/hal_nordic/nrfx/libmodules__hal_nordic__nrfx.a(nrfx_gpiote.c.obj)
                0x0000000000009228                nrfx_gpiote_init
 .text.nrfx_gpiote_init_check
                0x00000000000092a4       0x1c modules/hal_nordic/modules/hal_nordic/nrfx/libmodules__hal_nordic__nrfx.a(nrfx_gpiote.c.obj)
                0x00000000000092a4                nrfx_gpiote_init_check
 .text.nrfx_gpiote_channel_free
                0x00000000000092c0       0x18 modules/hal_nordic/modules/hal_nordic/nrfx/libmodules__hal_nordic__nrfx.a(nrfx_gpiote.c.obj)
                0x00000000000092c0                nrfx_gpiote_channel_free
 .text.nrfx_gpiote_channel_alloc
                0x00000000000092d8       0x18 modules/hal_nordic/modules/hal_nordic/nrfx/libmodules__hal_nordic__nrfx.a(nrfx_gpiote.c.obj)
                0x00000000000092d8                nrfx_gpiote_channel_alloc
 .text.nrfx_gpiote_trigger_enable
                0x00000000000092f0       0xb8 modules/hal_nordic/modules/hal_nordic/nrfx/libmodules__hal_nordic__nrfx.a(nrfx_gpiote.c.obj)
                0x00000000000092f0                nrfx_gpiote_trigger_enable
 .text.nrfx_gpiote_20_irq_handler
                0x00000000000093a8       0x10 modules/hal_nordic/modules/hal_nordic/nrfx/libmodules__hal_nordic__nrfx.a(nrfx_gpiote.c.obj)
                0x00000000000093a8                nrfx_gpiote_20_irq_handler
 .text.nrfx_gpiote_30_irq_handler
                0x00000000000093b8       0x10 modules/hal_nordic/modules/hal_nordic/nrfx/libmodules__hal_nordic__nrfx.a(nrfx_gpiote.c.obj)
                0x00000000000093b8                nrfx_gpiote_30_irq_handler
 .text.cc_channel_prepare
                0x00000000000093c8       0x5c modules/hal_nordic/modules/hal_nordic/nrfx/libmodules__hal_nordic__nrfx.a(nrfx_grtc.c.obj)
 .text.sleep_configure
                0x0000000000009424       0x24 modules/hal_nordic/modules/hal_nordic/nrfx/libmodules__hal_nordic__nrfx.a(nrfx_grtc.c.obj)
 .text.syscounter_check
                0x0000000000009448       0x38 modules/hal_nordic/modules/hal_nordic/nrfx/libmodules__hal_nordic__nrfx.a(nrfx_grtc.c.obj)
 .text.nrfx_grtc_syscounter_get
                0x0000000000009480       0x64 modules/hal_nordic/modules/hal_nordic/nrfx/libmodules__hal_nordic__nrfx.a(nrfx_grtc.c.obj)
                0x0000000000009480                nrfx_grtc_syscounter_get
 .text.nrfx_grtc_init
                0x00000000000094e4      0x11c modules/hal_nordic/modules/hal_nordic/nrfx/libmodules__hal_nordic__nrfx.a(nrfx_grtc.c.obj)
                0x00000000000094e4                nrfx_grtc_init
 .text.nrfx_grtc_syscounter_start
                0x0000000000009600       0xc8 modules/hal_nordic/modules/hal_nordic/nrfx/libmodules__hal_nordic__nrfx.a(nrfx_grtc.c.obj)
                0x0000000000009600                nrfx_grtc_syscounter_start
 .text.nrfx_grtc_syscounter_cc_absolute_set
                0x00000000000096c8       0x84 modules/hal_nordic/modules/hal_nordic/nrfx/libmodules__hal_nordic__nrfx.a(nrfx_grtc.c.obj)
                0x00000000000096c8                nrfx_grtc_syscounter_cc_absolute_set
 .text.nrfx_grtc_irq_handler
                0x000000000000974c       0xa0 modules/hal_nordic/modules/hal_nordic/nrfx/libmodules__hal_nordic__nrfx.a(nrfx_grtc.c.obj)
                0x000000000000974c                nrfx_grtc_irq_handler
 .text.twim_configure
                0x00000000000097ec       0x3c modules/hal_nordic/modules/hal_nordic/nrfx/libmodules__hal_nordic__nrfx.a(nrfx_twim.c.obj)
 .text.pins_configure
                0x0000000000009828       0x68 modules/hal_nordic/modules/hal_nordic/nrfx/libmodules__hal_nordic__nrfx.a(nrfx_twim.c.obj)
 .text.nrfx_twim_init
                0x0000000000009890       0x74 modules/hal_nordic/modules/hal_nordic/nrfx/libmodules__hal_nordic__nrfx.a(nrfx_twim.c.obj)
                0x0000000000009890                nrfx_twim_init
 .text.nrfx_twim_enable
                0x0000000000009904       0x20 modules/hal_nordic/modules/hal_nordic/nrfx/libmodules__hal_nordic__nrfx.a(nrfx_twim.c.obj)
                0x0000000000009904                nrfx_twim_enable
 .text.nrfx_twim_disable
                0x0000000000009924       0x40 modules/hal_nordic/modules/hal_nordic/nrfx/libmodules__hal_nordic__nrfx.a(nrfx_twim.c.obj)
                0x0000000000009924                nrfx_twim_disable
 .text.nrfx_twim_xfer
                0x0000000000009964      0x340 modules/hal_nordic/modules/hal_nordic/nrfx/libmodules__hal_nordic__nrfx.a(nrfx_twim.c.obj)
                0x0000000000009964                nrfx_twim_xfer
 .text.nrfx_twim_21_irq_handler
                0x0000000000009ca4      0x180 modules/hal_nordic/modules/hal_nordic/nrfx/libmodules__hal_nordic__nrfx.a(nrfx_twim.c.obj)
                0x0000000000009ca4                nrfx_twim_21_irq_handler
 .text.nrf_gpio_pin_port_decode
                0x0000000000009e24       0x20 modules/hal_nordic/modules/hal_nordic/nrfx/libmodules__hal_nordic__nrfx.a(nrfx_twi_twim.c.obj)
 .text.nrfx_twi_twim_bus_recover
                0x0000000000009e44       0xd4 modules/hal_nordic/modules/hal_nordic/nrfx/libmodules__hal_nordic__nrfx.a(nrfx_twi_twim.c.obj)
                0x0000000000009e44                nrfx_twi_twim_bus_recover
 .text.z_device_get_all_static
                0x0000000000009f18       0x18 zephyr/kernel/libkernel.a(device.c.obj)
                0x0000000000009f18                z_device_get_all_static
 .text.z_impl_device_get_binding
                0x0000000000009f30       0x48 zephyr/kernel/libkernel.a(device.c.obj)
                0x0000000000009f30                z_impl_device_get_binding
 .text.z_impl_device_get_by_dt_nodelabel
                0x0000000000009f78       0x5c zephyr/kernel/libkernel.a(device.c.obj)
                0x0000000000009f78                z_impl_device_get_by_dt_nodelabel
 .text.k_sys_fatal_error_handler
                0x0000000000009fd4       0x28 zephyr/kernel/libkernel.a(fatal.c.obj)
                0x0000000000009fd4                k_sys_fatal_error_handler
 .text.z_fatal_error
                0x0000000000009ffc      0x110 zephyr/kernel/libkernel.a(fatal.c.obj)
                0x0000000000009ffc                z_fatal_error
 .text.z_sys_init_run_level
                0x000000000000a10c       0x2c zephyr/kernel/libkernel.a(init.c.obj)
 .text.bg_thread_main
                0x000000000000a138       0xc4 zephyr/kernel/libkernel.a(init.c.obj)
 .text.z_bss_zero
                0x000000000000a1fc       0x18 zephyr/kernel/libkernel.a(init.c.obj)
                0x000000000000a1fc                z_bss_zero
 .text.z_init_cpu
                0x000000000000a214       0x70 zephyr/kernel/libkernel.a(init.c.obj)
                0x000000000000a214                z_init_cpu
 .text.z_cstart
                0x000000000000a284       0xdc zephyr/kernel/libkernel.a(init.c.obj)
                0x000000000000a284                z_cstart
 .text.z_impl_k_mutex_lock
                0x000000000000a360       0xf0 zephyr/kernel/libkernel.a(mutex.c.obj)
                0x000000000000a360                z_impl_k_mutex_lock
 .text.z_impl_k_mutex_unlock
                0x000000000000a450       0xa0 zephyr/kernel/libkernel.a(mutex.c.obj)
                0x000000000000a450                z_impl_k_mutex_unlock
 .text.z_impl_k_sem_give
                0x000000000000a4f0       0x68 zephyr/kernel/libkernel.a(sem.c.obj)
                0x000000000000a4f0                z_impl_k_sem_give
 .text.z_impl_k_sem_take
                0x000000000000a558       0x4c zephyr/kernel/libkernel.a(sem.c.obj)
                0x000000000000a558                z_impl_k_sem_take
 .text.work_queue_main
                0x000000000000a5a4      0x14c zephyr/kernel/libkernel.a(work.c.obj)
 .text.submit_to_queue_locked
                0x000000000000a6f0       0xb4 zephyr/kernel/libkernel.a(work.c.obj)
 .text.k_work_submit
                0x000000000000a7a4        0xc zephyr/kernel/libkernel.a(work.c.obj)
                0x000000000000a7a4                k_work_submit
 .text.k_work_queue_start
                0x000000000000a7b0       0x7c zephyr/kernel/libkernel.a(work.c.obj)
                0x000000000000a7b0                k_work_queue_start
 .text.z_impl_k_thread_name_set
                0x000000000000a82c       0x20 zephyr/kernel/libkernel.a(thread.c.obj)
                0x000000000000a82c                z_impl_k_thread_name_set
 .text.k_thread_state_str
                0x000000000000a84c       0x84 zephyr/kernel/libkernel.a(thread.c.obj)
                0x000000000000a84c                k_thread_state_str
 .text.z_setup_new_thread
                0x000000000000a8d0       0xdc zephyr/kernel/libkernel.a(thread.c.obj)
                0x000000000000a8d0                z_setup_new_thread
 .text.z_impl_k_thread_create
                0x000000000000a9ac       0x58 zephyr/kernel/libkernel.a(thread.c.obj)
                0x000000000000a9ac                z_impl_k_thread_create
 .text.z_swap_irqlock
                0x000000000000aa04       0x34 zephyr/kernel/libkernel.a(sched.c.obj)
 .text.ready_thread
                0x000000000000aa38       0x90 zephyr/kernel/libkernel.a(sched.c.obj)
 .text.unready_thread
                0x000000000000aac8       0x54 zephyr/kernel/libkernel.a(sched.c.obj)
 .text.move_thread_to_end_of_prio_q
                0x000000000000ab1c       0x90 zephyr/kernel/libkernel.a(sched.c.obj)
                0x000000000000ab1c                move_thread_to_end_of_prio_q
 .text.z_pend_curr
                0x000000000000abac       0x58 zephyr/kernel/libkernel.a(sched.c.obj)
                0x000000000000abac                z_pend_curr
 .text.z_thread_prio_set
                0x000000000000ac04       0x9c zephyr/kernel/libkernel.a(sched.c.obj)
                0x000000000000ac04                z_thread_prio_set
 .text.z_reschedule
                0x000000000000aca0       0x24 zephyr/kernel/libkernel.a(sched.c.obj)
                0x000000000000aca0                z_reschedule
 .text.z_reschedule_irqlock
                0x000000000000acc4       0x28 zephyr/kernel/libkernel.a(sched.c.obj)
                0x000000000000acc4                z_reschedule_irqlock
 .text.k_sched_lock
                0x000000000000acec       0x28 zephyr/kernel/libkernel.a(sched.c.obj)
                0x000000000000acec                k_sched_lock
 .text.k_sched_unlock
                0x000000000000ad14       0x68 zephyr/kernel/libkernel.a(sched.c.obj)
                0x000000000000ad14                k_sched_unlock
 .text.z_sched_init
                0x000000000000ad7c       0x10 zephyr/kernel/libkernel.a(sched.c.obj)
                0x000000000000ad7c                z_sched_init
 .text.z_impl_k_yield
                0x000000000000ad8c       0x88 zephyr/kernel/libkernel.a(sched.c.obj)
                0x000000000000ad8c                z_impl_k_yield
 .text.z_tick_sleep
                0x000000000000ae14       0x80 zephyr/kernel/libkernel.a(sched.c.obj)
 .text.z_impl_k_wakeup
                0x000000000000ae94       0x4c zephyr/kernel/libkernel.a(sched.c.obj)
                0x000000000000ae94                z_impl_k_wakeup
 .text.z_impl_k_sched_current_thread_query
                0x000000000000aee0        0xc zephyr/kernel/libkernel.a(sched.c.obj)
                0x000000000000aee0                z_impl_k_sched_current_thread_query
 .text.z_thread_abort
                0x000000000000aeec      0x118 zephyr/kernel/libkernel.a(sched.c.obj)
                0x000000000000aeec                z_thread_abort
 .text.z_sched_wait
                0x000000000000b004       0x24 zephyr/kernel/libkernel.a(sched.c.obj)
                0x000000000000b004                z_sched_wait
 .text.slice_timeout
                0x000000000000b028       0x20 zephyr/kernel/libkernel.a(timeslicing.c.obj)
 .text.thread_is_sliceable
                0x000000000000b048       0x3c zephyr/kernel/libkernel.a(timeslicing.c.obj)
                0x000000000000b048                thread_is_sliceable
 .text.z_reset_time_slice
                0x000000000000b084       0x50 zephyr/kernel/libkernel.a(timeslicing.c.obj)
                0x000000000000b084                z_reset_time_slice
 .text.z_time_slice
                0x000000000000b0d4       0x60 zephyr/kernel/libkernel.a(timeslicing.c.obj)
                0x000000000000b0d4                z_time_slice
 .text.z_thread_monitor_exit
                0x000000000000b134       0x44 zephyr/kernel/libkernel.a(thread_monitor.c.obj)
                0x000000000000b134                z_thread_monitor_exit
 .text.k_thread_foreach_unlocked
                0x000000000000b178       0x4c zephyr/kernel/libkernel.a(thread_monitor.c.obj)
                0x000000000000b178                k_thread_foreach_unlocked
 .text.z_data_copy
                0x000000000000b1c4       0x38 zephyr/kernel/libkernel.a(xip.c.obj)
                0x000000000000b1c4                z_data_copy
 .text.first    0x000000000000b1fc       0x10 zephyr/kernel/libkernel.a(timeout.c.obj)
 .text.elapsed  0x000000000000b20c       0x14 zephyr/kernel/libkernel.a(timeout.c.obj)
 .text.remove_timeout
                0x000000000000b220       0x38 zephyr/kernel/libkernel.a(timeout.c.obj)
 .text.z_add_timeout
                0x000000000000b258       0xec zephyr/kernel/libkernel.a(timeout.c.obj)
                0x000000000000b258                z_add_timeout
 .text.sys_clock_announce
                0x000000000000b344       0xbc zephyr/kernel/libkernel.a(timeout.c.obj)
                0x000000000000b344                sys_clock_announce
 .text.sys_clock_tick_get
                0x000000000000b400       0x30 zephyr/kernel/libkernel.a(timeout.c.obj)
                0x000000000000b400                sys_clock_tick_get
 .text.z_timer_expiration_handler
                0x000000000000b430       0xe0 zephyr/kernel/libkernel.a(timer.c.obj)
                0x000000000000b430                z_timer_expiration_handler
 .text.z_impl_k_timer_start
                0x000000000000b510       0x74 zephyr/kernel/libkernel.a(timer.c.obj)
                0x000000000000b510                z_impl_k_timer_start
 .text.z_impl_k_poll
                0x000000000000b584       0xb0 zephyr/kernel/libkernel.a(poll.c.obj)
                0x000000000000b584                z_impl_k_poll
 .text.z_impl_k_poll_signal_raise
                0x000000000000b634       0x50 zephyr/kernel/libkernel.a(poll.c.obj)
                0x000000000000b634                z_impl_k_poll_signal_raise
 .text.k_sys_work_q_init
                0x000000000000b684       0x34 zephyr/kernel/libkernel.a(system_work_q.c.obj)
 .text.psa_get_initialized
                0x000000000000b6b8       0x4c modules/nrf/subsys/nrf_security/src/core/nrf_oberon/liboberon_psa_core.a(psa_crypto.c.obj)
 .text.mbedtls_psa_crypto_free
                0x000000000000b704       0x90 modules/nrf/subsys/nrf_security/src/core/nrf_oberon/liboberon_psa_core.a(psa_crypto.c.obj)
                0x000000000000b704                mbedtls_psa_crypto_free
 .text.psa_crypto_init
                0x000000000000b794      0x104 modules/nrf/subsys/nrf_security/src/core/nrf_oberon/liboberon_psa_core.a(psa_crypto.c.obj)
                0x000000000000b794                psa_crypto_init
 .text.psa_initialize_key_slots
                0x000000000000b898       0x10 modules/nrf/subsys/nrf_security/src/core/nrf_oberon/liboberon_psa_core.a(psa_crypto_slot_management.c.obj)
                0x000000000000b898                psa_initialize_key_slots
 .text.psa_wipe_all_key_slots
                0x000000000000b8a8       0x34 modules/nrf/subsys/nrf_security/src/core/nrf_oberon/liboberon_psa_core.a(psa_crypto_slot_management.c.obj)
                0x000000000000b8a8                psa_wipe_all_key_slots
 .text.mbedtls_free
                0x000000000000b8dc        0xc modules/nrf/subsys/nrf_security/src/core/nrf_oberon/liboberon_psa_core.a(platform.c.obj)
                0x000000000000b8dc                mbedtls_free
 .text.mbedtls_platform_zeroize
                0x000000000000b8e8       0x18 modules/nrf/subsys/nrf_security/src/core/nrf_oberon/liboberon_psa_core.a(platform_util.c.obj)
                0x000000000000b8e8                mbedtls_platform_zeroize
 .text.cracen_acquire
                0x000000000000b900       0x40 modules/nrf/subsys/nrf_security/src/drivers/cracen/libcracen_psa_driver.a(cracen.c.obj)
                0x000000000000b900                cracen_acquire
 .text.cracen_release
                0x000000000000b940       0x6c modules/nrf/subsys/nrf_security/src/drivers/cracen/libcracen_psa_driver.a(cracen.c.obj)
                0x000000000000b940                cracen_release
 .text.cracen_init
                0x000000000000b9ac       0x5c modules/nrf/subsys/nrf_security/src/drivers/cracen/libcracen_psa_driver.a(cracen.c.obj)
                0x000000000000b9ac                cracen_init
 .text.cracen_isr_handler
                0x000000000000ba08       0x68 modules/nrf/subsys/nrf_security/src/drivers/cracen/libcracen_psa_driver.a(interrupts.c.obj)
                0x000000000000ba08                cracen_isr_handler
 .text.cracen_interrupts_init
                0x000000000000ba70       0x28 modules/nrf/subsys/nrf_security/src/drivers/cracen/libcracen_psa_driver.a(interrupts.c.obj)
                0x000000000000ba70                cracen_interrupts_init
 .text.sx_pk_fetch_capabilities
                0x000000000000ba98       0x24 modules/nrf/subsys/nrf_security/src/drivers/cracen/libcracen_psa_driver.a(pk_baremetal.c.obj)
                0x000000000000ba98                sx_pk_fetch_capabilities
 .text.sx_pk_init
                0x000000000000babc       0x3c modules/nrf/subsys/nrf_security/src/drivers/cracen/libcracen_psa_driver.a(pk_baremetal.c.obj)
                0x000000000000babc                sx_pk_init
 .text.sx_get_current_req
                0x000000000000baf8        0x8 modules/nrf/subsys/nrf_security/src/drivers/cracen/libcracen_psa_driver.a(pk_baremetal.c.obj)
                0x000000000000baf8                sx_get_current_req
 .text.k_event_post_internal
                0x000000000000bb00       0x5c zephyr/kernel/libkernel.a(events.c.obj)
 .text.snprintf
                0x000000000000bb5c       0x58 c:\ncs\toolchains\0b393f9e1b\opt\zephyr-sdk\arm-zephyr-eabi\bin\../lib/gcc/../../picolibc/arm-zephyr-eabi/lib/thumb/v8-m.main/nofp\libc.a(libc_tinystdio_snprintf.c.o)
                0x000000000000bb5c                snprintf
 .text.strtol   0x000000000000bbb4       0xec c:\ncs\toolchains\0b393f9e1b\opt\zephyr-sdk\arm-zephyr-eabi\bin\../lib/gcc/../../picolibc/arm-zephyr-eabi/lib/thumb/v8-m.main/nofp\libc.a(libc_tinystdio_strtol.c.o)
                0x000000000000bbb4                strtol
 .text.strtoul  0x000000000000bca0       0xcc c:\ncs\toolchains\0b393f9e1b\opt\zephyr-sdk\arm-zephyr-eabi\bin\../lib/gcc/../../picolibc/arm-zephyr-eabi/lib/thumb/v8-m.main/nofp\libc.a(libc_tinystdio_strtoul.c.o)
                0x000000000000bca0                strtoul
 .text.skip_to_arg
                0x000000000000bd6c      0x134 c:\ncs\toolchains\0b393f9e1b\opt\zephyr-sdk\arm-zephyr-eabi\bin\../lib/gcc/../../picolibc/arm-zephyr-eabi/lib/thumb/v8-m.main/nofp\libc.a(libc_tinystdio_vfprintf.c.o)
 .text.vfprintf
                0x000000000000bea0      0x9a8 c:\ncs\toolchains\0b393f9e1b\opt\zephyr-sdk\arm-zephyr-eabi\bin\../lib/gcc/../../picolibc/arm-zephyr-eabi/lib/thumb/v8-m.main/nofp\libc.a(libc_tinystdio_vfprintf.c.o)
                0x000000000000bea0                __d_vfprintf
 .text.div10    0x000000000000c848       0x28 c:\ncs\toolchains\0b393f9e1b\opt\zephyr-sdk\arm-zephyr-eabi\bin\../lib/gcc/../../picolibc/arm-zephyr-eabi/lib/thumb/v8-m.main/nofp\libc.a(libc_tinystdio_dtoa_ryu.c.o)
 .text.__dtoa_engine
                0x000000000000c870      0x4a8 c:\ncs\toolchains\0b393f9e1b\opt\zephyr-sdk\arm-zephyr-eabi\bin\../lib/gcc/../../picolibc/arm-zephyr-eabi/lib/thumb/v8-m.main/nofp\libc.a(libc_tinystdio_dtoa_ryu.c.o)
                0x000000000000c870                __dtoa_engine
 .text.__log10Pow2
                0x000000000000cd18        0xc c:\ncs\toolchains\0b393f9e1b\opt\zephyr-sdk\arm-zephyr-eabi\bin\../lib/gcc/../../picolibc/arm-zephyr-eabi/lib/thumb/v8-m.main/nofp\libc.a(libc_tinystdio_ryu_log10.c.o)
                0x000000000000cd18                __log10Pow2
 .text.__log10Pow5
                0x000000000000cd24        0xc c:\ncs\toolchains\0b393f9e1b\opt\zephyr-sdk\arm-zephyr-eabi\bin\../lib/gcc/../../picolibc/arm-zephyr-eabi/lib/thumb/v8-m.main/nofp\libc.a(libc_tinystdio_ryu_log10.c.o)
                0x000000000000cd24                __log10Pow5
 .text.__pow5bits
                0x000000000000cd30       0x10 c:\ncs\toolchains\0b393f9e1b\opt\zephyr-sdk\arm-zephyr-eabi\bin\../lib/gcc/../../picolibc/arm-zephyr-eabi/lib/thumb/v8-m.main/nofp\libc.a(libc_tinystdio_ryu_pow5bits.c.o)
                0x000000000000cd30                __pow5bits
 .text.__pow5Factor
                0x000000000000cd40       0x30 c:\ncs\toolchains\0b393f9e1b\opt\zephyr-sdk\arm-zephyr-eabi\bin\../lib/gcc/../../picolibc/arm-zephyr-eabi/lib/thumb/v8-m.main/nofp\libc.a(libc_tinystdio_ryu_table.c.o)
                0x000000000000cd40                __pow5Factor
 .text.__double_computePow5
                0x000000000000cd70       0xe4 c:\ncs\toolchains\0b393f9e1b\opt\zephyr-sdk\arm-zephyr-eabi\bin\../lib/gcc/../../picolibc/arm-zephyr-eabi/lib/thumb/v8-m.main/nofp\libc.a(libc_tinystdio_ryu_table.c.o)
                0x000000000000cd70                __double_computePow5
 .text.__double_computeInvPow5
                0x000000000000ce54       0xf8 c:\ncs\toolchains\0b393f9e1b\opt\zephyr-sdk\arm-zephyr-eabi\bin\../lib/gcc/../../picolibc/arm-zephyr-eabi/lib/thumb/v8-m.main/nofp\libc.a(libc_tinystdio_ryu_table.c.o)
                0x000000000000ce54                __double_computeInvPow5
 .text.fmodf    0x000000000000cf4c      0x128 c:\ncs\toolchains\0b393f9e1b\opt\zephyr-sdk\arm-zephyr-eabi\bin\../lib/gcc/../../picolibc/arm-zephyr-eabi/lib/thumb/v8-m.main/nofp\libc.a(libm_math_sf_fmod.c.o)
                0x000000000000cf4c                fmodf
 .text.__math_oflow
                0x000000000000d074       0x18 c:\ncs\toolchains\0b393f9e1b\opt\zephyr-sdk\arm-zephyr-eabi\bin\../lib/gcc/../../picolibc/arm-zephyr-eabi/lib/thumb/v8-m.main/nofp\libc.a(libm_common_math_err_oflow.c.o)
                0x000000000000d074                __math_oflow
 .text.__math_divzero
                0x000000000000d08c       0x18 c:\ncs\toolchains\0b393f9e1b\opt\zephyr-sdk\arm-zephyr-eabi\bin\../lib/gcc/../../picolibc/arm-zephyr-eabi/lib/thumb/v8-m.main/nofp\libc.a(libm_common_math_err_divzero.c.o)
                0x000000000000d08c                __math_divzero
 .text.__math_invalid
                0x000000000000d0a4       0x10 c:\ncs\toolchains\0b393f9e1b\opt\zephyr-sdk\arm-zephyr-eabi\bin\../lib/gcc/../../picolibc/arm-zephyr-eabi/lib/thumb/v8-m.main/nofp\libc.a(libm_common_math_err_invalid.c.o)
                0x000000000000d0a4                __math_invalid
 .text.__fpclassifyf
                0x000000000000d0b4       0x34 c:\ncs\toolchains\0b393f9e1b\opt\zephyr-sdk\arm-zephyr-eabi\bin\../lib/gcc/../../picolibc/arm-zephyr-eabi/lib/thumb/v8-m.main/nofp\libc.a(libm_common_sf_fpclassify.c.o)
                0x000000000000d0b4                __fpclassifyf
 .text.__math_invalidf
                0x000000000000d0e8       0x10 c:\ncs\toolchains\0b393f9e1b\opt\zephyr-sdk\arm-zephyr-eabi\bin\../lib/gcc/../../picolibc/arm-zephyr-eabi/lib/thumb/v8-m.main/nofp\libc.a(libm_common_math_errf_invalidf.c.o)
                0x000000000000d0e8                __math_invalidf
 .text.__fpclassifyd
                0x000000000000d0f8       0x48 c:\ncs\toolchains\0b393f9e1b\opt\zephyr-sdk\arm-zephyr-eabi\bin\../lib/gcc/../../picolibc/arm-zephyr-eabi/lib/thumb/v8-m.main/nofp\libc.a(libm_common_s_fpclassify.c.o)
                0x000000000000d0f8                __fpclassifyd
                0x000000000000d0f8                __fpclassifyl
 .text._OffsetAbsSyms
                0x000000000000d140        0x2 zephyr/CMakeFiles/offsets.dir/./arch/arm/core/offsets/offsets.c.obj
                0x000000000000d140                _OffsetAbsSyms
 .text.device_is_ready
                0x000000000000d142        0x4 app/libapp.a(main.c.obj)
 .text.gpio_pin_configure.constprop.0
                0x000000000000d146       0x1c app/libapp.a(main.c.obj)
 .text.gpio_pin_set.isra.0
                0x000000000000d162       0x20 app/libapp.a(main.c.obj)
 .text.k_msleep.isra.0
                0x000000000000d182       0x24 app/libapp.a(main.c.obj)
 .text.chunk_field
                0x000000000000d1a6       0x16 zephyr/libzephyr.a(heap.c.obj)
 .text.chunk_set
                0x000000000000d1bc       0x16 zephyr/libzephyr.a(heap.c.obj)
 .text.chunk_size
                0x000000000000d1d2        0xc zephyr/libzephyr.a(heap.c.obj)
 .text.set_chunk_used
                0x000000000000d1de       0x30 zephyr/libzephyr.a(heap.c.obj)
 .text.set_chunk_size
                0x000000000000d20e        0x8 zephyr/libzephyr.a(heap.c.obj)
 .text.bucket_idx.isra.0
                0x000000000000d216       0x1c zephyr/libzephyr.a(heap.c.obj)
 .text.free_list_add
                0x000000000000d232       0x84 zephyr/libzephyr.a(heap.c.obj)
 .text.sys_heap_init
                0x000000000000d2b6       0xb0 zephyr/libzephyr.a(heap.c.obj)
                0x000000000000d2b6                sys_heap_init
 .text.cbpprintf_external
                0x000000000000d366       0x62 zephyr/libzephyr.a(cbprintf_packaged.c.obj)
                0x000000000000d366                cbpprintf_external
 .text.is_ptr   0x000000000000d3c8       0x4a zephyr/libzephyr.a(cbprintf_packaged.c.obj)
                0x000000000000d3c8                is_ptr
 .text.arch_printk_char_out
                0x000000000000d412        0x4 zephyr/libzephyr.a(printk.c.obj)
                0x000000000000d412                arch_printk_char_out
 .text.printk   0x000000000000d416       0x1a zephyr/libzephyr.a(printk.c.obj)
                0x000000000000d416                printk
 .text.free_space
                0x000000000000d430       0x26 zephyr/libzephyr.a(mpsc_pbuf.c.obj)
 .text.get_usage
                0x000000000000d456       0x22 zephyr/libzephyr.a(mpsc_pbuf.c.obj)
 .text.idx_inc  0x000000000000d478       0x1c zephyr/libzephyr.a(mpsc_pbuf.c.obj)
 .text.rd_idx_inc
                0x000000000000d494       0x18 zephyr/libzephyr.a(mpsc_pbuf.c.obj)
 .text.add_skip_item
                0x000000000000d4ac       0x3e zephyr/libzephyr.a(mpsc_pbuf.c.obj)
 .text.drop_item_locked
                0x000000000000d4ea       0xee zephyr/libzephyr.a(mpsc_pbuf.c.obj)
 .text.post_drop_action
                0x000000000000d5d8       0x36 zephyr/libzephyr.a(mpsc_pbuf.c.obj)
 .text.max_utilization_update
                0x000000000000d60e       0x1a zephyr/libzephyr.a(mpsc_pbuf.c.obj)
 .text.mpsc_pbuf_init
                0x000000000000d628       0x42 zephyr/libzephyr.a(mpsc_pbuf.c.obj)
                0x000000000000d628                mpsc_pbuf_init
 .text.mpsc_pbuf_alloc
                0x000000000000d66a       0xfe zephyr/libzephyr.a(mpsc_pbuf.c.obj)
                0x000000000000d66a                mpsc_pbuf_alloc
 .text.mpsc_pbuf_commit
                0x000000000000d768       0x3e zephyr/libzephyr.a(mpsc_pbuf.c.obj)
                0x000000000000d768                mpsc_pbuf_commit
 .text.mpsc_pbuf_claim
                0x000000000000d7a6       0xa8 zephyr/libzephyr.a(mpsc_pbuf.c.obj)
                0x000000000000d7a6                mpsc_pbuf_claim
 .text.mpsc_pbuf_free
                0x000000000000d84e       0x76 zephyr/libzephyr.a(mpsc_pbuf.c.obj)
                0x000000000000d84e                mpsc_pbuf_free
 .text.mpsc_pbuf_is_pending
                0x000000000000d8c4       0x32 zephyr/libzephyr.a(mpsc_pbuf.c.obj)
                0x000000000000d8c4                mpsc_pbuf_is_pending
 .text.mpsc_pbuf_get_utilization
                0x000000000000d8f6       0x16 zephyr/libzephyr.a(mpsc_pbuf.c.obj)
                0x000000000000d8f6                mpsc_pbuf_get_utilization
 .text.mpsc_pbuf_get_max_utilization
                0x000000000000d90c       0x16 zephyr/libzephyr.a(mpsc_pbuf.c.obj)
                0x000000000000d90c                mpsc_pbuf_get_max_utilization
 .text.process_recheck
                0x000000000000d922       0x38 zephyr/libzephyr.a(onoff.c.obj)
 .text.validate_args
                0x000000000000d95a       0x20 zephyr/libzephyr.a(onoff.c.obj)
 .text.notify_one
                0x000000000000d97a       0x2c zephyr/libzephyr.a(onoff.c.obj)
 .text.transition_complete
                0x000000000000d9a6       0x1a zephyr/libzephyr.a(onoff.c.obj)
 .text.onoff_manager_init
                0x000000000000d9c0       0x26 zephyr/libzephyr.a(onoff.c.obj)
                0x000000000000d9c0                onoff_manager_init
 .text.onoff_request
                0x000000000000d9e6       0xae zephyr/libzephyr.a(onoff.c.obj)
                0x000000000000d9e6                onoff_request
 .text.onoff_release
                0x000000000000da94       0x48 zephyr/libzephyr.a(onoff.c.obj)
                0x000000000000da94                onoff_release
 .text.sys_notify_validate
                0x000000000000dadc       0x28 zephyr/libzephyr.a(notify.c.obj)
                0x000000000000dadc                sys_notify_validate
 .text.sys_notify_finalize
                0x000000000000db04       0x32 zephyr/libzephyr.a(notify.c.obj)
                0x000000000000db04                sys_notify_finalize
 .text.ring_buf_put_claim
                0x000000000000db36       0x3a zephyr/libzephyr.a(ring_buffer.c.obj)
                0x000000000000db36                ring_buf_put_claim
 .text.ring_buf_put_finish
                0x000000000000db70       0x2a zephyr/libzephyr.a(ring_buffer.c.obj)
                0x000000000000db70                ring_buf_put_finish
 .text.ring_buf_put
                0x000000000000db9a       0x3e zephyr/libzephyr.a(ring_buffer.c.obj)
                0x000000000000db9a                ring_buf_put
 .text.ring_buf_get_claim
                0x000000000000dbd8       0x38 zephyr/libzephyr.a(ring_buffer.c.obj)
                0x000000000000dbd8                ring_buf_get_claim
 .text.ring_buf_get_finish
                0x000000000000dc10       0x2a zephyr/libzephyr.a(ring_buffer.c.obj)
                0x000000000000dc10                ring_buf_get_finish
 .text.ring_buf_get
                0x000000000000dc3a       0x40 zephyr/libzephyr.a(ring_buffer.c.obj)
                0x000000000000dc3a                ring_buf_get
 .text._ConfigAbsSyms
                0x000000000000dc7a        0x2 zephyr/libzephyr.a(configs.c.obj)
                0x000000000000dc7a                _ConfigAbsSyms
 .text.log_msg_generic_get_wlen
                0x000000000000dc7c       0x20 zephyr/libzephyr.a(log_core.c.obj)
 .text.dummy_timestamp
                0x000000000000dc9c        0x4 zephyr/libzephyr.a(log_core.c.obj)
 .text.default_get_timestamp
                0x000000000000dca0        0x4 zephyr/libzephyr.a(log_core.c.obj)
 .text.atomic_inc
                0x000000000000dca4       0x12 zephyr/libzephyr.a(log_core.c.obj)
 .text.z_log_vprintk
                0x000000000000dcb6       0x1c zephyr/libzephyr.a(log_core.c.obj)
                0x000000000000dcb6                z_log_vprintk
 .text.z_log_notify_drop
                0x000000000000dcd2        0x6 zephyr/libzephyr.a(log_core.c.obj)
 .text.z_log_get_tag
                0x000000000000dcd8        0x4 zephyr/libzephyr.a(log_core.c.obj)
                0x000000000000dcd8                z_log_get_tag
 .text.z_impl_log_filter_set
                0x000000000000dcdc       0x10 zephyr/libzephyr.a(log_mgmt.c.obj)
                0x000000000000dcdc                z_impl_log_filter_set
 .text.log_backend_disable
                0x000000000000dcec       0x18 zephyr/libzephyr.a(log_mgmt.c.obj)
                0x000000000000dcec                log_backend_disable
 .text.z_cbprintf_cpy
                0x000000000000dd04       0x2c zephyr/libzephyr.a(log_msg.c.obj)
 .text.z_log_msg_finalize
                0x000000000000dd30       0x32 zephyr/libzephyr.a(log_msg.c.obj)
                0x000000000000dd30                z_log_msg_finalize
 .text.z_log_msg_simple_create
                0x000000000000dd62       0x6e zephyr/libzephyr.a(log_msg.c.obj)
 .text.z_impl_z_log_msg_simple_create_0
                0x000000000000ddd0       0x12 zephyr/libzephyr.a(log_msg.c.obj)
                0x000000000000ddd0                z_impl_z_log_msg_simple_create_0
 .text.z_impl_z_log_msg_simple_create_1
                0x000000000000dde2       0x14 zephyr/libzephyr.a(log_msg.c.obj)
                0x000000000000dde2                z_impl_z_log_msg_simple_create_1
 .text.z_impl_z_log_msg_simple_create_2
                0x000000000000ddf6       0x18 zephyr/libzephyr.a(log_msg.c.obj)
                0x000000000000ddf6                z_impl_z_log_msg_simple_create_2
 .text.log_output_write
                0x000000000000de0e       0x1c zephyr/libzephyr.a(log_output.c.obj)
 .text.log_output_flush
                0x000000000000de2a       0x1a zephyr/libzephyr.a(log_output.c.obj)
 .text.out_func
                0x000000000000de44       0x2e zephyr/libzephyr.a(log_output.c.obj)
 .text.cr_out_func
                0x000000000000de72       0x1c zephyr/libzephyr.a(log_output.c.obj)
 .text.log_output_msg_process
                0x000000000000de8e       0x6a zephyr/libzephyr.a(log_output.c.obj)
                0x000000000000de8e                log_output_msg_process
 .text.log_halt
                0x000000000000def8        0x8 zephyr/libzephyr.a(log_cmds.c.obj)
 .text.log_go   0x000000000000df00        0xa zephyr/libzephyr.a(log_cmds.c.obj)
 .text.cmd_log_self_status
                0x000000000000df0a       0x24 zephyr/libzephyr.a(log_cmds.c.obj)
 .text.cmd_log_self_enable
                0x000000000000df2e       0x24 zephyr/libzephyr.a(log_cmds.c.obj)
 .text.log_disable
                0x000000000000df52       0x14 zephyr/libzephyr.a(log_cmds.c.obj)
 .text.cmd_log_self_disable
                0x000000000000df66       0x24 zephyr/libzephyr.a(log_cmds.c.obj)
 .text.cmd_log_self_go
                0x000000000000df8a       0x1e zephyr/libzephyr.a(log_cmds.c.obj)
 .text.cmd_log_self_halt
                0x000000000000dfa8       0x1e zephyr/libzephyr.a(log_cmds.c.obj)
 .text.log_msg_generic_get_wlen
                0x000000000000dfc6       0x20 zephyr/libzephyr.a(shell_uart.c.obj)
 .text.uart_irq_tx_disable
                0x000000000000dfe6        0xa zephyr/libzephyr.a(shell_uart.c.obj)
 .text.enable   0x000000000000dff0       0x12 zephyr/libzephyr.a(shell_uart.c.obj)
 .text.read_uart
                0x000000000000e002       0x12 zephyr/libzephyr.a(shell_uart.c.obj)
 .text.uninit   0x000000000000e014       0x20 zephyr/libzephyr.a(shell_uart.c.obj)
 .text.write_uart
                0x000000000000e034       0x64 zephyr/libzephyr.a(shell_uart.c.obj)
 .text.cmd_buffer_clear
                0x000000000000e098       0x16 zephyr/libzephyr.a(shell.c.obj)
 .text.atomic_or
                0x000000000000e0ae       0x16 zephyr/libzephyr.a(shell.c.obj)
 .text.atomic_and
                0x000000000000e0c4       0x16 zephyr/libzephyr.a(shell.c.obj)
 .text.k_mutex_lock
                0x000000000000e0da        0x4 zephyr/libzephyr.a(shell.c.obj)
 .text.shell_signal_handle
                0x000000000000e0de       0x2c zephyr/libzephyr.a(shell.c.obj)
 .text.z_shell_raw_fprintf
                0x000000000000e10a       0x1a zephyr/libzephyr.a(shell.c.obj)
 .text.z_shell_strlen
                0x000000000000e124        0xc zephyr/libzephyr.a(shell.c.obj)
 .text.transport_evt_handler
                0x000000000000e130       0x14 zephyr/libzephyr.a(shell.c.obj)
 .text.z_flag_cmd_ctx_set.isra.0
                0x000000000000e144       0x16 zephyr/libzephyr.a(shell.c.obj)
 .text.z_flag_history_exit_set.isra.0
                0x000000000000e15a       0x14 zephyr/libzephyr.a(shell.c.obj)
 .text.z_flag_insert_mode_set.isra.0
                0x000000000000e16e       0x1e zephyr/libzephyr.a(shell.c.obj)
 .text.k_mutex_unlock.isra.0
                0x000000000000e18c        0x4 zephyr/libzephyr.a(shell.c.obj)
 .text.shell_log_process
                0x000000000000e190       0x4a zephyr/libzephyr.a(shell.c.obj)
 .text.shell_start
                0x000000000000e1da       0x66 zephyr/libzephyr.a(shell.c.obj)
                0x000000000000e1da                shell_start
 .text.shell_vfprintf
                0x000000000000e240       0x8a zephyr/libzephyr.a(shell.c.obj)
                0x000000000000e240                shell_vfprintf
 .text.shell_fprintf_impl
                0x000000000000e2ca       0x1a zephyr/libzephyr.a(shell.c.obj)
                0x000000000000e2ca                shell_fprintf_impl
 .text.shell_fprintf_info
                0x000000000000e2e4       0x1c zephyr/libzephyr.a(shell.c.obj)
                0x000000000000e2e4                shell_fprintf_info
 .text.shell_fprintf_normal
                0x000000000000e300       0x1c zephyr/libzephyr.a(shell.c.obj)
                0x000000000000e300                shell_fprintf_normal
 .text.shell_fprintf_warn
                0x000000000000e31c       0x1c zephyr/libzephyr.a(shell.c.obj)
                0x000000000000e31c                shell_fprintf_warn
 .text.shell_fprintf_error
                0x000000000000e338       0x1c zephyr/libzephyr.a(shell.c.obj)
                0x000000000000e338                shell_fprintf_error
 .text.shell_hexdump
                0x000000000000e354       0x30 zephyr/libzephyr.a(shell.c.obj)
                0x000000000000e354                shell_hexdump
 .text.shell_prompt_change
                0x000000000000e384       0x5c zephyr/libzephyr.a(shell.c.obj)
                0x000000000000e384                shell_prompt_change
 .text.shell_help
                0x000000000000e3e0       0x2a zephyr/libzephyr.a(shell.c.obj)
                0x000000000000e3e0                shell_help
 .text.shell_get_return_value
                0x000000000000e40a       0x10 zephyr/libzephyr.a(shell.c.obj)
                0x000000000000e40a                shell_get_return_value
 .text.shell_set_bypass
                0x000000000000e41a        0xc zephyr/libzephyr.a(shell.c.obj)
                0x000000000000e41a                shell_set_bypass
 .text.z_shell_fprintf_buffer_flush
                0x000000000000e426       0x18 zephyr/libzephyr.a(shell_fprintf.c.obj)
                0x000000000000e426                z_shell_fprintf_buffer_flush
 .text.out_func
                0x000000000000e43e       0x3c zephyr/libzephyr.a(shell_fprintf.c.obj)
 .text.z_shell_strlen
                0x000000000000e47a        0xc zephyr/libzephyr.a(shell_utils.c.obj)
 .text.shell_device_internal
                0x000000000000e486       0x74 zephyr/libzephyr.a(shell_utils.c.obj)
 .text.z_column_span_with_buffer_offsets_get
                0x000000000000e4fa       0x1e zephyr/libzephyr.a(shell_utils.c.obj)
                0x000000000000e4fa                z_column_span_with_buffer_offsets_get
 .text.z_row_span_with_buffer_offsets_get
                0x000000000000e518       0x16 zephyr/libzephyr.a(shell_utils.c.obj)
                0x000000000000e518                z_row_span_with_buffer_offsets_get
 .text.z_shell_multiline_data_calc
                0x000000000000e52e       0x2c zephyr/libzephyr.a(shell_utils.c.obj)
                0x000000000000e52e                z_shell_multiline_data_calc
 .text.z_shell_make_argv
                0x000000000000e55a      0x1a0 zephyr/libzephyr.a(shell_utils.c.obj)
                0x000000000000e55a                z_shell_make_argv
 .text.z_shell_pattern_remove
                0x000000000000e6fa       0x4e zephyr/libzephyr.a(shell_utils.c.obj)
                0x000000000000e6fa                z_shell_pattern_remove
 .text.z_shell_find_cmd
                0x000000000000e748       0x56 zephyr/libzephyr.a(shell_utils.c.obj)
                0x000000000000e748                z_shell_find_cmd
 .text.z_shell_get_last_command
                0x000000000000e79e       0x5c zephyr/libzephyr.a(shell_utils.c.obj)
                0x000000000000e79e                z_shell_get_last_command
 .text.z_shell_spaces_trim
                0x000000000000e7fa       0x60 zephyr/libzephyr.a(shell_utils.c.obj)
                0x000000000000e7fa                z_shell_spaces_trim
 .text.z_shell_cmd_trim
                0x000000000000e85a       0x76 zephyr/libzephyr.a(shell_utils.c.obj)
                0x000000000000e85a                z_shell_cmd_trim
 .text.shell_device_lookup
                0x000000000000e8d0        0x6 zephyr/libzephyr.a(shell_utils.c.obj)
                0x000000000000e8d0                shell_device_lookup
 .text.shell_device_get_binding
                0x000000000000e8d6       0x16 zephyr/libzephyr.a(shell_utils.c.obj)
                0x000000000000e8d6                shell_device_get_binding
 .text.z_shell_raw_fprintf
                0x000000000000e8ec       0x1a zephyr/libzephyr.a(shell_ops.c.obj)
 .text.full_line_cmd.isra.0
                0x000000000000e906       0x24 zephyr/libzephyr.a(shell_ops.c.obj)
 .text.z_shell_cursor_in_empty_line
                0x000000000000e92a       0x2e zephyr/libzephyr.a(shell_ops.c.obj)
                0x000000000000e92a                z_shell_cursor_in_empty_line
 .text.z_shell_op_cond_next_line
                0x000000000000e958       0x1e zephyr/libzephyr.a(shell_ops.c.obj)
                0x000000000000e958                z_shell_op_cond_next_line
 .text.z_shell_op_cursor_position_synchronize
                0x000000000000e976       0x4a zephyr/libzephyr.a(shell_ops.c.obj)
                0x000000000000e976                z_shell_op_cursor_position_synchronize
 .text.z_shell_op_cursor_move
                0x000000000000e9c0       0x52 zephyr/libzephyr.a(shell_ops.c.obj)
                0x000000000000e9c0                z_shell_op_cursor_move
 .text.z_shell_op_cursor_word_move
                0x000000000000ea12       0x7c zephyr/libzephyr.a(shell_ops.c.obj)
                0x000000000000ea12                z_shell_op_cursor_word_move
 .text.z_shell_op_cursor_home_move
                0x000000000000ea8e        0xe zephyr/libzephyr.a(shell_ops.c.obj)
                0x000000000000ea8e                z_shell_op_cursor_home_move
 .text.z_shell_op_cursor_end_move
                0x000000000000ea9c       0x12 zephyr/libzephyr.a(shell_ops.c.obj)
                0x000000000000ea9c                z_shell_op_cursor_end_move
 .text.z_shell_op_left_arrow
                0x000000000000eaae       0x12 zephyr/libzephyr.a(shell_ops.c.obj)
                0x000000000000eaae                z_shell_op_left_arrow
 .text.z_shell_op_right_arrow